BL51 BANKED LINKER/LOCATER V6.22                                                        01/20/2021  11:03:33  PAGE 1


BL51 BANKED LINKER/LOCATER V6.22, INVOKED BY:
C:\PROGRAM_LIST\KEIL\C51\BIN\BL51.EXE .\output\STARTUP.obj, .\output\main.obj, .\output\flash.obj, .\output\delay.obj, .
>> \output\ht1621b.obj, .\output\lcd_display.obj, .\output\uart.obj, .\output\key.obj, .\output\timer.obj, .\output\pwm.
>> obj, .\output\adc.obj, .\output\wdt.obj, .\output\product.obj TO .\output\K9019 PRINT (.\Listings\K9019.m51) RAMSIZE 
>> (256) CODE (0X0000-0X3FFF) XDATA (0X0000-0X01FF)


MEMORY MODEL: LARGE WITH FLOATING POINT ARITHMETIC


INPUT MODULES INCLUDED:
  .\output\STARTUP.obj (?C_STARTUP)
  .\output\main.obj (MAIN)
  .\output\flash.obj (FLASH)
  .\output\delay.obj (DELAY)
  .\output\ht1621b.obj (HT1621B)
  .\output\lcd_display.obj (LCD_DISPLAY)
  .\output\uart.obj (UART)
  .\output\key.obj (KEY)
  .\output\timer.obj (TIMER)
  .\output\pwm.obj (PWM)
  .\output\adc.obj (ADC)
  .\output\wdt.obj (WDT)
  .\output\product.obj (PRODUCT)
  C:\PROGRAM_LIST\KEIL\C51\LIB\C51FPL.LIB (?C?FPADD)
  C:\PROGRAM_LIST\KEIL\C51\LIB\C51FPL.LIB (?C?FPMUL)
  C:\PROGRAM_LIST\KEIL\C51\LIB\C51FPL.LIB (?C?FPDIV)
  C:\PROGRAM_LIST\KEIL\C51\LIB\C51FPL.LIB (?C?FPCMP)
  C:\PROGRAM_LIST\KEIL\C51\LIB\C51FPL.LIB (?C?FCAST)
  C:\PROGRAM_LIST\KEIL\C51\LIB\C51FPL.LIB (PRINTF)
  C:\PROGRAM_LIST\KEIL\C51\LIB\C51FPL.LIB (?C?FPGETOPN)
  C:\PROGRAM_LIST\KEIL\C51\LIB\C51FPL.LIB (?C?FPROUND)
  C:\PROGRAM_LIST\KEIL\C51\LIB\C51FPL.LIB (?C?FPCONVERT)
  C:\PROGRAM_LIST\KEIL\C51\LIB\C51FPL.LIB (?C?FTNPWR)
  C:\PROGRAM_LIST\KEIL\C51\LIB\C51L.LIB (?C_INIT)
  C:\PROGRAM_LIST\KEIL\C51\LIB\C51L.LIB (?C?CLDPTR)
  C:\PROGRAM_LIST\KEIL\C51\LIB\C51L.LIB (?C?CLDOPTR)
  C:\PROGRAM_LIST\KEIL\C51\LIB\C51L.LIB (?C?CSTPTR)
  C:\PROGRAM_LIST\KEIL\C51\LIB\C51L.LIB (?C?UIDIV)
  C:\PROGRAM_LIST\KEIL\C51\LIB\C51L.LIB (?C?IILDX)
  C:\PROGRAM_LIST\KEIL\C51\LIB\C51L.LIB (?C?ILDIX)
  C:\PROGRAM_LIST\KEIL\C51\LIB\C51L.LIB (?C?ISTPTR)
  C:\PROGRAM_LIST\KEIL\C51\LIB\C51L.LIB (?C?LMUL)
  C:\PROGRAM_LIST\KEIL\C51\LIB\C51L.LIB (?C?ULDIV)
  C:\PROGRAM_LIST\KEIL\C51\LIB\C51L.LIB (?C?LNEG)
  C:\PROGRAM_LIST\KEIL\C51\LIB\C51L.LIB (?C?LSTXDATA)
  C:\PROGRAM_LIST\KEIL\C51\LIB\C51L.LIB (?C?LSTKXDATA)
  C:\PROGRAM_LIST\KEIL\C51\LIB\C51L.LIB (?C?PLDIXDATA)
  C:\PROGRAM_LIST\KEIL\C51\LIB\C51L.LIB (?C?PSTXDATA)
  C:\PROGRAM_LIST\KEIL\C51\LIB\C51L.LIB (?C?CCASE)
  C:\PROGRAM_LIST\KEIL\C51\LIB\C51L.LIB (?C?ICASE)
  C:\PROGRAM_LIST\KEIL\C51\LIB\C51L.LIB (?C?LIMUL)


LINK MAP OF MODULE:  .\output\K9019 (?C_STARTUP)


            TYPE    BASE      LENGTH    RELOCATION   SEGMENT NAME
BL51 BANKED LINKER/LOCATER V6.22                                                      01/20/2021  11:03:33  PAGE 2


            -----------------------------------------------------

            * * * * * * *   D A T A   M E M O R Y   * * * * * * *
            REG     0000H     0008H     ABSOLUTE     "REG BANK 0"
            DATA    0008H     000AH     UNIT         _DATA_GROUP_
                    0012H     000EH                  *** GAP ***
            BIT     0020H.0   0002H.2   UNIT         _BIT_GROUP_
                    0022H.2   0000H.6                *** GAP ***
            IDATA   0023H     0001H     UNIT         ?STACK

            * * * * * * *  X D A T A   M E M O R Y  * * * * * * *
            XDATA   0000H     0071H     UNIT         _XDATA_GROUP_
            XDATA   0071H     0021H     UNIT         ?XD?UART
            XDATA   0092H     0016H     UNIT         ?XD?TIMER
            XDATA   00A8H     000AH     UNIT         ?XD?FLASH
            XDATA   00B2H     0008H     UNIT         ?XD?KEY
            XDATA   00BAH     0006H     UNIT         ?XD?MAIN
            XDATA   00C0H     0003H     UNIT         ?XD?PRODUCT
            XDATA   00C3H     0002H     UNIT         ?XD?LCD_DISPLAY
            XDATA   00C5H     0001H     UNIT         ?XD?PWM
                    00C6H     FDAEH                  *** GAP ***
            XDATA   FE74H     0001H     ABSOLUTE     
            XDATA   FE75H     0001H     ABSOLUTE     
            XDATA   FE76H     0001H     ABSOLUTE     
            XDATA   FE77H     0001H     ABSOLUTE     
                    FE78H     0008H                  *** GAP ***
            XDATA   FE80H     0001H     ABSOLUTE     
                    FE81H     0010H                  *** GAP ***
            XDATA   FE91H     0001H     ABSOLUTE     
            XDATA   FE92H     0001H     ABSOLUTE     
            XDATA   FE93H     0001H     ABSOLUTE     
                    FE94H     0001H                  *** GAP ***
            XDATA   FE95H     0001H     ABSOLUTE     
                    FE96H     0005H                  *** GAP ***
            XDATA   FE9BH     0001H     ABSOLUTE     
                    FE9CH     0004H                  *** GAP ***
            XDATA   FEA0H     0001H     ABSOLUTE     
                    FEA1H     0003H                  *** GAP ***
            XDATA   FEA4H     0001H     ABSOLUTE     
            XDATA   FEA5H     0001H     ABSOLUTE     
                    FEA6H     0004H                  *** GAP ***
            XDATA   FEAAH     0001H     ABSOLUTE     
                    FEABH     0005H                  *** GAP ***
            XDATA   FEB0H     0001H     ABSOLUTE     
                    FEB1H     0003H                  *** GAP ***
            XDATA   FEB4H     0001H     ABSOLUTE     
                    FEB5H     0005H                  *** GAP ***
            XDATA   FEBAH     0001H     ABSOLUTE     
                    FEBBH     0002H                  *** GAP ***
            XDATA   FEBDH     0001H     ABSOLUTE     
            XDATA   FEBEH     0001H     ABSOLUTE     
                    FEBFH     0041H                  *** GAP ***
            XDATA   FF00H     0001H     ABSOLUTE     
            XDATA   FF01H     0001H     ABSOLUTE     
            XDATA   FF02H     0001H     ABSOLUTE     
            XDATA   FF03H     0001H     ABSOLUTE     
            XDATA   FF04H     0001H     ABSOLUTE     
BL51 BANKED LINKER/LOCATER V6.22                                                      01/20/2021  11:03:33  PAGE 3


            XDATA   FF05H     0001H     ABSOLUTE     
            XDATA   FF06H     0001H     ABSOLUTE     
            XDATA   FF07H     0001H     ABSOLUTE     
            XDATA   FF08H     0001H     ABSOLUTE     
            XDATA   FF09H     0001H     ABSOLUTE     
            XDATA   FF0AH     0001H     ABSOLUTE     
            XDATA   FF0BH     0001H     ABSOLUTE     
            XDATA   FF0CH     0001H     ABSOLUTE     
            XDATA   FF0DH     0001H     ABSOLUTE     
            XDATA   FF0EH     0001H     ABSOLUTE     
            XDATA   FF0FH     0001H     ABSOLUTE     
            XDATA   FF10H     0001H     ABSOLUTE     
            XDATA   FF11H     0001H     ABSOLUTE     
            XDATA   FF12H     0001H     ABSOLUTE     
            XDATA   FF13H     0001H     ABSOLUTE     
            XDATA   FF14H     0001H     ABSOLUTE     
            XDATA   FF15H     0001H     ABSOLUTE     
            XDATA   FF16H     0001H     ABSOLUTE     
            XDATA   FF17H     0001H     ABSOLUTE     
                    FF18H     0004H                  *** GAP ***
            XDATA   FF1CH     0001H     ABSOLUTE     
            XDATA   FF1DH     0001H     ABSOLUTE     
                    FF1EH     0062H                  *** GAP ***
            XDATA   FF80H     0001H     ABSOLUTE     
            XDATA   FF81H     0001H     ABSOLUTE     
                    FF82H     0001H                  *** GAP ***
            XDATA   FF83H     0001H     ABSOLUTE     
            XDATA   FF84H     0001H     ABSOLUTE     
                    FF85H     000AH                  *** GAP ***
            XDATA   FF8FH     0001H     ABSOLUTE     
            XDATA   FF90H     0001H     ABSOLUTE     
            XDATA   FF91H     0001H     ABSOLUTE     
                    FF92H     000AH                  *** GAP ***
            XDATA   FF9CH     0001H     ABSOLUTE     
                    FF9DH     0003H                  *** GAP ***
            XDATA   FFA0H     0001H     ABSOLUTE     
            XDATA   FFA1H     0001H     ABSOLUTE     
            XDATA   FFA2H     0001H     ABSOLUTE     
            XDATA   FFA3H     0001H     ABSOLUTE     
            XDATA   FFA4H     0001H     ABSOLUTE     
            XDATA   FFA5H     0001H     ABSOLUTE     
            XDATA   FFA6H     0001H     ABSOLUTE     
            XDATA   FFA7H     0001H     ABSOLUTE     

            * * * * * * *   C O D E   M E M O R Y   * * * * * * *
            CODE    0000H     0003H     ABSOLUTE     
            CODE    0003H     0008H     UNIT         ?PR?_FLASH_READ_ADDR?FLASH
            CODE    000BH     0003H     ABSOLUTE     
            CODE    000EH     0010H     UNIT         ?PR?DEVICE_INIT?MAIN
            CODE    001EH     0005H     UNIT         ?PR?LCD_HT1621B_ON?LCD_DISPLAY
            CODE    0023H     0003H     ABSOLUTE     
            CODE    0026H     0851H     UNIT         ?C?LIB_CODE
            CODE    0877H     0483H     UNIT         ?PR?PRINTF?PRINTF
            CODE    0CFAH     022AH     UNIT         ?PR?_TEMP_CALC?MAIN
            CODE    0F24H     0166H     UNIT         ?PR?TEMPERATURE_HANDLE?MAIN
            CODE    108AH     0151H     UNIT         ?PR?_LCD_DISPLAY_GAP?LCD_DISPLAY
            CODE    11DBH     013FH     UNIT         ?PR?FLASH_INIT?FLASH
BL51 BANKED LINKER/LOCATER V6.22                                                      01/20/2021  11:03:33  PAGE 4


            CODE    131AH     013BH     UNIT         ?PR?TIMER0_RPT?TIMER
            CODE    1455H     0132H     UNIT         ?PR?KEY_HANDLE?MAIN
            CODE    1587H     012CH     UNIT         ?PR?_GET_VOLTAGE?ADC
            CODE    16B3H     0106H     UNIT         ?CO?FLASH
            CODE    17B9H     0103H     UNIT         ?PR?RES_CALC?PRODUCT
            CODE    18BCH     00C9H     UNIT         ?PR?_SET_TEMP?MAIN
            CODE    1985H     00C4H     UNIT         ?C_INITSEG
            CODE    1A49H     00BBH     UNIT         ?PR?_CALIBRATION_TEMPERATURE?MAIN
            CODE    1B04H     00B8H     UNIT         ?PR?MAIN?MAIN
            CODE    1BBCH     00B7H     UNIT         ?PR?KEY_DRIVER?KEY
            CODE    1C73H     00B7H     UNIT         ?PR?CALIBRATION_KEY_DRIVER?KEY
            CODE    1D2AH     00B7H     UNIT         ?CO?TIMER
            CODE    1DE1H     00A5H     UNIT         ?CO?MAIN
            CODE    1E86H     008CH     UNIT         ?C_C51STARTUP
            CODE    1F12H     008AH     UNIT         ?PR?_LCD_DISPLAY_TIME?LCD_DISPLAY
            CODE    1F9CH     0083H     UNIT         ?PR?KEY_SCAN?KEY
            CODE    201FH     0080H     UNIT         ?PR?PRODUCT_TEST_HANDLE?PRODUCT
            CODE    209FH     007CH     UNIT         ?PR?_SET_CORRECT_TIME?TIMER
            CODE    211BH     0073H     UNIT         ?PR?SET_TIME_SEC?TIMER
            CODE    218EH     006DH     UNIT         ?PR?_FLASH_WRITEARR?FLASH
            CODE    21FBH     006AH     UNIT         ?PR?TIME_PRINT?TIMER
            CODE    2265H     0059H     UNIT         ?PR?SET_CORRECT_VALUE?TIMER
            CODE    22BEH     004DH     UNIT         ?PR?UART1_RPT?UART
            CODE    230BH     0040H     UNIT         ?PR?_FLASH_READARR?FLASH
            CODE    234BH     003FH     UNIT         ?PR?_HT1621_SENDBIT_HIGHT?HT1621B
            CODE    238AH     003FH     UNIT         ?PR?_HT1621_SENDBIT_LOW?HT1621B
            CODE    23C9H     003EH     UNIT         ?PR?_CONTROLL_HEAT?MAIN
            CODE    2407H     003CH     UNIT         ?PR?SET_HEAT_VAL?TIMER
            CODE    2443H     0033H     UNIT         ?PR?CHECK_FLASH?FLASH
            CODE    2476H     0030H     UNIT         ?CO?PRODUCT
            CODE    24A6H     002FH     UNIT         ?PR?LED_TIME?TIMER
            CODE    24D5H     002DH     UNIT         ?PR?_PRODUCTE_COM_SEND_DATA?UART
            CODE    2502H     002CH     UNIT         ?PR?_HT1621_WRITE_BYTE?HT1621B
            CODE    252EH     0029H     UNIT         ?PR?UART_INIT?UART
            CODE    2557H     0028H     UNIT         ?PR?_FLASH_WRITEDATA?FLASH
            CODE    257FH     0027H     UNIT         ?PR?INIT_LCD_HT1621B?LCD_DISPLAY
            CODE    25A6H     0026H     UNIT         ?PR?FLAH_SAVE_DATA?FLASH
            CODE    25CCH     0023H     UNIT         ?PR?KEY_INIT?KEY
            CODE    25EFH     0022H     UNIT         ?PR?_FLASH_ERASEBLOCK?FLASH
            CODE    2611H     0022H     UNIT         ?PR?_PWM_INIT?PWM
            CODE    2633H     0020H     UNIT         ?PR?PROTECT?MAIN
            CODE    2653H     001FH     UNIT         ?PR?_PRODUCTE_SEND_CMD?UART
            CODE    2672H     001EH     UNIT         ?PR?HT1621_ALL_DISPLAY?LCD_DISPLAY
            CODE    2690H     001EH     UNIT         ?PR?HT1621_ALL_CLEAR?LCD_DISPLAY
            CODE    26AEH     001BH     UNIT         ?PR?HT1621_INIT_PIN?HT1621B
            CODE    26C9H     001BH     UNIT         ?PR?_HT1621_SEND_CMD?HT1621B
            CODE    26E4H     001BH     UNIT         ?PR?ADC_INIT?ADC
            CODE    26FFH     001AH     UNIT         ?PR?PRODUCT_CHECK_PROCESS?PRODUCT
            CODE    2719H     0018H     UNIT         ?PR?_SET_PWM?PWM
            CODE    2731H     0017H     UNIT         ?PR?_DELAY_MS?DELAY
            CODE    2748H     0016H     UNIT         ?PR?TIME0_INIT?TIMER
            CODE    275EH     0016H     UNIT         ?PR?GET_ADC_VAL?ADC
            CODE    2774H     0016H     UNIT         ?PR?GET_ADC_VAL_CH?ADC
            CODE    278AH     000FH     UNIT         ?PR?PRODUCT_GPIO_INIT_CONFIG?PRODUCT
            CODE    2799H     000EH     UNIT         ?PR?_DELAY_US?DELAY
            CODE    27A7H     000EH     UNIT         ?PR?LCD_TURN_OFF_TIME?LCD_DISPLAY
            CODE    27B5H     000EH     UNIT         ?PR?LED_SET_ON?TIMER
BL51 BANKED LINKER/LOCATER V6.22                                                      01/20/2021  11:03:33  PAGE 5


            CODE    27C3H     000EH     UNIT         ?PR?PRODUCT_CHECK_TEST?PRODUCT
            CODE    27D1H     000DH     UNIT         ?PR?_WDT_INIT?WDT
            CODE    27DEH     000CH     UNIT         ?PR?_HAL_UART_PUTCHAR?UART
            CODE    27EAH     000CH     UNIT         ?PR?LED_SET_OFF?TIMER
            CODE    27F6H     000CH     UNIT         ?PR?_SET_TIME_SEC_VAL?TIMER
            CODE    2802H     000AH     UNIT         ?PR?RES_TEST?MAIN
            CODE    280CH     0009H     UNIT         ?PR?RELEASE_HT1621B_PIN?HT1621B
            CODE    2815H     0006H     UNIT         ?PR?GET_DEVICE_STATE?FLASH
            CODE    281BH     0006H     UNIT         ?PR?_SET_DEVICE_STATE?FLASH
            CODE    2821H     0006H     UNIT         ?PR?_PUTCHAR?UART
            CODE    2827H     0005H     UNIT         ?PR?LCD_HT1621B_OFF?LCD_DISPLAY
            CODE    282CH     0004H     UNIT         ?PR?CLEAR_WDT?WDT
            CODE    2830H     0003H     UNIT         ?PR?_LCD_DELAY_US?DELAY
            CODE    2833H     0003H     UNIT         ?PR?_PRODUCTE_COM_SEND_ONE_BIT?UART



OVERLAY MAP OF MODULE:   .\output\K9019 (?C_STARTUP)


SEGMENT                                         BIT_GROUP          DATA_GROUP          XDATA_GROUP
  +--> CALLED SEGMENT                        START    LENGTH     START    LENGTH     START    LENGTH
----------------------------------------------------------------------------------------------------
?C_C51STARTUP                                -----    -----      -----    -----      -----    -----
  +--> ?PR?MAIN?MAIN
  +--> ?C_INITSEG

?PR?MAIN?MAIN                                -----    -----      -----    -----      -----    -----
  +--> ?PR?DEVICE_INIT?MAIN
  +--> ?PR?UART_INIT?UART
  +--> ?PR?ADC_INIT?ADC
  +--> ?PR?KEY_INIT?KEY
  +--> ?PR?TIME0_INIT?TIMER
  +--> ?PR?FLASH_INIT?FLASH
  +--> ?PR?_PWM_INIT?PWM
  +--> ?PR?LED_SET_ON?TIMER
  +--> ?PR?INIT_LCD_HT1621B?LCD_DISPLAY
  +--> ?PR?_DELAY_MS?DELAY
  +--> ?PR?HT1621_ALL_CLEAR?LCD_DISPLAY
  +--> ?PR?_LCD_DISPLAY_GAP?LCD_DISPLAY
  +--> ?PR?_WDT_INIT?WDT
  +--> ?PR?_SET_PWM?PWM
  +--> ?PR?PRODUCT_CHECK_PROCESS?PRODUCT
  +--> ?CO?MAIN
  +--> ?PR?PRINTF?PRINTF
  +--> ?PR?KEY_HANDLE?MAIN
  +--> ?PR?TEMPERATURE_HANDLE?MAIN
  +--> ?PR?RES_TEST?MAIN
  +--> ?PR?CLEAR_WDT?WDT

?PR?ADC_INIT?ADC                             -----    -----      -----    -----      -----    -----
  +--> ?PR?_DELAY_US?DELAY

?PR?FLASH_INIT?FLASH                         -----    -----      -----    -----      0000H    0001H
  +--> ?PR?CHECK_FLASH?FLASH
  +--> ?CO?FLASH
  +--> ?PR?PRINTF?PRINTF
BL51 BANKED LINKER/LOCATER V6.22                                                      01/20/2021  11:03:33  PAGE 6


  +--> ?PR?_FLASH_READARR?FLASH
  +--> ?PR?_FLASH_ERASEBLOCK?FLASH
  +--> ?PR?_FLASH_WRITEARR?FLASH

?PR?CHECK_FLASH?FLASH                        -----    -----      -----    -----      -----    -----
  +--> ?PR?_FLASH_READ_ADDR?FLASH

?PR?PRINTF?PRINTF                            0021H.1  0001H.1    000DH    0005H      0041H    0030H
  +--> ?PR?_PUTCHAR?UART

?PR?_PUTCHAR?UART                            -----    -----      -----    -----      -----    -----
  +--> ?PR?_HAL_UART_PUTCHAR?UART

?PR?_FLASH_READARR?FLASH                     -----    -----      -----    -----      0008H    0005H

?PR?_FLASH_WRITEARR?FLASH                    -----    -----      -----    -----      0008H    0007H
  +--> ?PR?_FLASH_WRITEDATA?FLASH

?PR?INIT_LCD_HT1621B?LCD_DISPLAY             -----    -----      -----    -----      -----    -----
  +--> ?PR?HT1621_INIT_PIN?HT1621B
  +--> ?PR?_HT1621_SEND_CMD?HT1621B
  +--> ?PR?HT1621_ALL_CLEAR?LCD_DISPLAY
  +--> ?PR?HT1621_ALL_DISPLAY?LCD_DISPLAY

?PR?_HT1621_SEND_CMD?HT1621B                 -----    -----      -----    -----      0007H    0001H
  +--> ?PR?_HT1621_SENDBIT_HIGHT?HT1621B

?PR?_HT1621_SENDBIT_HIGHT?HT1621B            -----    -----      -----    -----      0044H    0003H
  +--> ?PR?_LCD_DELAY_US?DELAY

?PR?_LCD_DELAY_US?DELAY                      -----    -----      -----    -----      -----    -----
  +--> ?PR?_DELAY_US?DELAY

?PR?HT1621_ALL_CLEAR?LCD_DISPLAY             -----    -----      -----    -----      0041H    0001H
  +--> ?PR?_HT1621_WRITE_BYTE?HT1621B

?PR?_HT1621_WRITE_BYTE?HT1621B               -----    -----      -----    -----      0042H    0002H
  +--> ?PR?_HT1621_SENDBIT_HIGHT?HT1621B
  +--> ?PR?_HT1621_SENDBIT_LOW?HT1621B

?PR?_HT1621_SENDBIT_LOW?HT1621B              -----    -----      -----    -----      0044H    0003H
  +--> ?PR?_LCD_DELAY_US?DELAY

?PR?HT1621_ALL_DISPLAY?LCD_DISPLAY           -----    -----      -----    -----      0000H    0001H
  +--> ?PR?_HT1621_WRITE_BYTE?HT1621B

?PR?_LCD_DISPLAY_GAP?LCD_DISPLAY             -----    -----      -----    -----      0006H    0001H
  +--> ?PR?_HT1621_SEND_CMD?HT1621B
  +--> ?PR?_HT1621_WRITE_BYTE?HT1621B
  +--> ?PR?LED_SET_ON?TIMER
  +--> ?PR?LED_SET_OFF?TIMER

?PR?PRODUCT_CHECK_PROCESS?PRODUCT            -----    -----      -----    -----      -----    -----
  +--> ?PR?PRODUCT_CHECK_TEST?PRODUCT
  +--> ?CO?PRODUCT
  +--> ?PR?PRINTF?PRINTF
  +--> ?PR?PRODUCT_TEST_HANDLE?PRODUCT
BL51 BANKED LINKER/LOCATER V6.22                                                      01/20/2021  11:03:33  PAGE 7


  +--> ?PR?CLEAR_WDT?WDT

?PR?PRODUCT_CHECK_TEST?PRODUCT               -----    -----      -----    -----      -----    -----
  +--> ?PR?PRODUCT_GPIO_INIT_CONFIG?PRODUCT

?PR?PRODUCT_TEST_HANDLE?PRODUCT              -----    -----      -----    -----      -----    -----
  +--> ?PR?RES_CALC?PRODUCT
  +--> ?CO?PRODUCT
  +--> ?PR?PRINTF?PRINTF

?PR?RES_CALC?PRODUCT                         -----    -----      -----    -----      0000H    0008H
  +--> ?PR?_GET_VOLTAGE?ADC
  +--> ?CO?PRODUCT
  +--> ?PR?PRINTF?PRINTF

?PR?_GET_VOLTAGE?ADC                         -----    -----      -----    -----      0008H    000BH
  +--> ?PR?GET_ADC_VAL?ADC
  +--> ?PR?GET_ADC_VAL_CH?ADC

?PR?KEY_HANDLE?MAIN                          -----    -----      -----    -----      0000H    0001H
  +--> ?PR?KEY_SCAN?KEY
  +--> ?CO?MAIN
  +--> ?PR?PRINTF?PRINTF
  +--> ?PR?GET_DEVICE_STATE?FLASH
  +--> ?PR?_SET_DEVICE_STATE?FLASH
  +--> ?PR?HT1621_ALL_CLEAR?LCD_DISPLAY
  +--> ?PR?_SET_PWM?PWM
  +--> ?PR?LED_SET_OFF?TIMER
  +--> ?PR?LED_SET_ON?TIMER
  +--> ?PR?SET_TIME_SEC?TIMER
  +--> ?PR?_SET_CORRECT_TIME?TIMER
  +--> ?PR?_LCD_DISPLAY_GAP?LCD_DISPLAY
  +--> ?PR?_LCD_DISPLAY_TIME?LCD_DISPLAY
  +--> ?PR?FLAH_SAVE_DATA?FLASH

?PR?KEY_SCAN?KEY                             -----    -----      -----    -----      -----    -----
  +--> ?PR?KEY_DRIVER?KEY
  +--> ?PR?_DELAY_MS?DELAY
  +--> ?PR?CALIBRATION_KEY_DRIVER?KEY
  +--> ?PR?GET_DEVICE_STATE?FLASH
  +--> ?PR?FLAH_SAVE_DATA?FLASH

?PR?KEY_DRIVER?KEY                           -----    -----      -----    -----      0001H    0002H
  +--> ?PR?_DELAY_MS?DELAY

?PR?CALIBRATION_KEY_DRIVER?KEY               -----    -----      -----    -----      0001H    0002H
  +--> ?PR?_DELAY_MS?DELAY

?PR?FLAH_SAVE_DATA?FLASH                     -----    -----      -----    -----      -----    -----
  +--> ?PR?_FLASH_ERASEBLOCK?FLASH
  +--> ?PR?_FLASH_WRITEARR?FLASH
  +--> ?PR?_FLASH_READARR?FLASH

?PR?_LCD_DISPLAY_TIME?LCD_DISPLAY            -----    -----      -----    -----      0006H    0001H
  +--> ?PR?_HT1621_SEND_CMD?HT1621B
  +--> ?PR?_HT1621_WRITE_BYTE?HT1621B

BL51 BANKED LINKER/LOCATER V6.22                                                      01/20/2021  11:03:33  PAGE 8


?PR?TEMPERATURE_HANDLE?MAIN                  -----    -----      -----    -----      0000H    0006H
  +--> ?PR?_GET_VOLTAGE?ADC
  +--> ?PR?_TEMP_CALC?MAIN
  +--> ?PR?_CALIBRATION_TEMPERATURE?MAIN
  +--> ?CO?MAIN
  +--> ?PR?PRINTF?PRINTF
  +--> ?PR?GET_DEVICE_STATE?FLASH
  +--> ?PR?_LCD_DISPLAY_TIME?LCD_DISPLAY
  +--> ?PR?_LCD_DISPLAY_GAP?LCD_DISPLAY
  +--> ?PR?_SET_TEMP?MAIN
  +--> ?PR?_SET_PWM?PWM
  +--> ?PR?HT1621_ALL_CLEAR?LCD_DISPLAY
  +--> ?PR?_HT1621_SEND_CMD?HT1621B

?PR?_TEMP_CALC?MAIN                          -----    -----      -----    -----      0006H    000BH
  +--> ?CO?MAIN
  +--> ?PR?PRINTF?PRINTF

?PR?_CALIBRATION_TEMPERATURE?MAIN            -----    -----      -----    -----      0006H    0002H
  +--> ?PR?_HAL_UART_PUTCHAR?UART
  +--> ?PR?FLAH_SAVE_DATA?FLASH
  +--> ?PR?_PRODUCTE_SEND_CMD?UART

?PR?_PRODUCTE_SEND_CMD?UART                  -----    -----      -----    -----      0008H    0005H
  +--> ?PR?_PRODUCTE_COM_SEND_DATA?UART

?PR?_PRODUCTE_COM_SEND_DATA?UART             -----    -----      -----    -----      000DH    0003H
  +--> ?PR?_PRODUCTE_COM_SEND_ONE_BIT?UART

?PR?_PRODUCTE_COM_SEND_ONE_BIT?UART          -----    -----      -----    -----      -----    -----
  +--> ?PR?_HAL_UART_PUTCHAR?UART

?PR?_SET_TEMP?MAIN                           -----    -----      -----    -----      0006H    0002H
  +--> ?PR?_CONTROLL_HEAT?MAIN

?PR?_CONTROLL_HEAT?MAIN                      -----    -----      -----    -----      0008H    0004H
  +--> ?PR?_SET_PWM?PWM

*** NEW ROOT ***************************************************

?PR?TIMER0_RPT?TIMER                         -----    -----      -----    -----      -----    -----
  +--> ?PR?LED_TIME?TIMER
  +--> ?PR?GET_DEVICE_STATE?FLASH
  +--> ?PR?SET_HEAT_VAL?TIMER
  +--> ?CO?TIMER
  +--> ?PR?_SET_DEVICE_STATE?FLASH
  +--> ?PR?HT1621_ALL_CLEAR?LCD_DISPLAY
  +--> ?PR?PRINTF?PRINTF

?PR?SET_HEAT_VAL?TIMER                       -----    -----      -----    -----      -----    -----
  +--> ?CO?TIMER
  +--> ?PR?PRINTF?PRINTF
  +--> ?PR?SET_CORRECT_VALUE?TIMER



SYMBOL TABLE OF MODULE:  .\output\K9019 (?C_STARTUP)
BL51 BANKED LINKER/LOCATER V6.22                                                      01/20/2021  11:03:33  PAGE 9



  VALUE           TYPE          NAME
  ----------------------------------

  -------         MODULE        ?C_STARTUP
  C:1E86H         SEGMENT       ?C_C51STARTUP
  I:0023H         SEGMENT       ?STACK
  C:0000H         PUBLIC        ?C_STARTUP
  D:00E0H         SYMBOL        ACC
  D:00F0H         SYMBOL        B
  D:0083H         SYMBOL        DPH
  D:0082H         SYMBOL        DPL
  N:0000H         SYMBOL        IBPSTACK
  N:0100H         SYMBOL        IBPSTACKTOP
  N:0080H         SYMBOL        IDATALEN
  C:1E89H         SYMBOL        IDATALOOP
  N:0000H         SYMBOL        PBPSTACK
  N:0100H         SYMBOL        PBPSTACKTOP
  N:0000H         SYMBOL        PDATALEN
  N:0000H         SYMBOL        PDATASTART
  N:0000H         SYMBOL        PPAGE
  N:0000H         SYMBOL        PPAGEENABLE
  D:00A0H         SYMBOL        PPAGE_SFR
  D:0081H         SYMBOL        SP
  C:1E86H         SYMBOL        STARTUP1
  N:0000H         SYMBOL        XBPSTACK
  N:0000H         SYMBOL        XBPSTACKTOP
  N:0000H         SYMBOL        XDATALEN
  N:0000H         SYMBOL        XDATASTART
  C:0000H         LINE#         126
  C:1E86H         LINE#         133
  C:1E88H         LINE#         134
  C:1E89H         LINE#         135
  C:1E8AH         LINE#         136
  C:1E8CH         LINE#         185
  C:1E8FH         LINE#         196
  -------         ENDMOD        ?C_STARTUP

  -------         MODULE        MAIN
  C:0000H         SYMBOL        _ICE_DUMMY_
  X:FF08H         PUBLIC        P1M0
  X:FF01H         PUBLIC        P0M1
  X:FF10H         PUBLIC        P2M0
  X:FF09H         PUBLIC        P1M1
  X:FF02H         PUBLIC        P0M2
  D:0080H         PUBLIC        P0
  X:FF11H         PUBLIC        P2M1
  X:FF0AH         PUBLIC        P1M2
  X:FF03H         PUBLIC        P0M3
  D:0090H         PUBLIC        P1
  X:FF12H         PUBLIC        P2M2
  X:FF0BH         PUBLIC        P1M3
  X:FF04H         PUBLIC        P0M4
  D:00A0H         PUBLIC        P2
  X:FF13H         PUBLIC        P2M3
  X:FF0CH         PUBLIC        P1M4
  X:FF05H         PUBLIC        P0M5
BL51 BANKED LINKER/LOCATER V6.22                                                      01/20/2021  11:03:33  PAGE 10


  D:00B0H         PUBLIC        P3
  X:FF14H         PUBLIC        P2M4
  X:FF0DH         PUBLIC        P1M5
  X:FF06H         PUBLIC        P0M6
  X:FF1CH         PUBLIC        P3M4
  X:FF15H         PUBLIC        P2M5
  X:FF0EH         PUBLIC        P1M6
  X:FF07H         PUBLIC        P0M7
  X:FF1DH         PUBLIC        P3M5
  X:FF16H         PUBLIC        P2M6
  X:FF0FH         PUBLIC        P1M7
  B:00A8H.7       PUBLIC        EA
  C:0F24H         PUBLIC        temperature_handle
  X:FF17H         PUBLIC        P2M7
  X:FEBDH         PUBLIC        TRMEN
  C:000EH         PUBLIC        device_init
  X:FE75H         PUBLIC        CTKVS
  D:00A8H         PUBLIC        IE
  B:00A0H.1       PUBLIC        P2_1
  D:00F8H         PUBLIC        RSTFR
  X:FF91H         PUBLIC        PWM01_MAP
  X:FFA3H         PUBLIC        SDA_MAP
  C:1455H         SYMBOL        key_handle
  X:FFA5H         PUBLIC        SCK_MAP
  X:FFA2H         PUBLIC        SCL_MAP
  C:18BCH         PUBLIC        _Set_Temp
  C:1B04H         PUBLIC        main
  C:1A49H         PUBLIC        _calibration_temperature
  X:FEA4H         PUBLIC        BORC
  X:FE77H         PUBLIC        DSCR
  C:0CFAH         PUBLIC        _temp_calc
  X:FFA1H         PUBLIC        RXD_MAP
  X:FEA5H         PUBLIC        BORDBC
  X:FFA0H         PUBLIC        TXD_MAP
  X:FEBAH         PUBLIC        PINTE2
  D:0098H         PUBLIC        SCON
  D:0088H         PUBLIC        TCON
  C:23C9H         PUBLIC        _Controll_Heat
  X:FE95H         PUBLIC        SPOV_RSTEN
  X:FE74H         PUBLIC        RBCSEL
  X:FE9BH         PUBLIC        ADCC2
  X:FE76H         PUBLIC        CTKCLK
  X:FE91H         PUBLIC        CLKDIV
  D:00B8H         PUBLIC        IE1
  D:00D8H         PUBLIC        IE2
  X:FF80H         PUBLIC        T0_MAP
  X:FF81H         PUBLIC        T1_MAP
  X:FEAAH         PUBLIC        RSTDBC
  X:FF83H         PUBLIC        T3_MAP
  X:FF84H         PUBLIC        T4_MAP
  X:FEA0H         PUBLIC        WDTCCR
  X:FEBEH         PUBLIC        TRMV
  X:00BBH         PUBLIC        fault_std
  C:2802H         PUBLIC        Res_test
  X:00BCH         PUBLIC        adc_cnt
  X:FE93H         PUBLIC        CLKOUT
  X:00BEH         PUBLIC        Res_std
BL51 BANKED LINKER/LOCATER V6.22                                                      01/20/2021  11:03:33  PAGE 11


  D:008EH         PUBLIC        CLKSWR
  X:00BFH         PUBLIC        first_heat_std
  X:FF90H         PUBLIC        PWM0_MAP
  C:2633H         PUBLIC        Protect
  X:FFA4H         PUBLIC        SS_MAP
  X:FE80H         PUBLIC        TCON1
  X:FF9CH         PUBLIC        PWM3_MAP
  X:FF8FH         PUBLIC        CLKO_MAP
  X:FE92H         PUBLIC        FREQ_CLK
  X:FEB0H         PUBLIC        PITS0
  X:FEB4H         PUBLIC        PITS4
  X:FFA7H         PUBLIC        MISO_MAP
  X:FFA6H         PUBLIC        MOSI_MAP
  D:00D0H         PUBLIC        PSW
  X:FF00H         PUBLIC        P0M0
  -------         PROC          DEVICE_INIT
  C:000EH         LINE#         26
  C:000EH         LINE#         27
  C:000EH         LINE#         30
  C:0011H         LINE#         31
  C:0017H         LINE#         32
  C:001DH         LINE#         33
  -------         ENDPROC       DEVICE_INIT
  -------         PROC          KEY_HANDLE
  -------         DO            
  X:0000H         SYMBOL        key_val
  -------         ENDDO         
  C:1455H         LINE#         36
  C:1455H         LINE#         37
  C:1455H         LINE#         38
  C:145AH         LINE#         39
  C:1460H         LINE#         40
  C:1460H         LINE#         41
  C:1468H         LINE#         42
  C:146AH         LINE#         44
  C:146AH         LINE#         45
  C:146FH         LINE#         46
  C:146FH         LINE#         47
  C:147DH         LINE#         48
  C:147DH         LINE#         49
  C:1486H         LINE#         51
  C:148CH         LINE#         52
  C:148CH         LINE#         54
  C:1491H         LINE#         55
  C:1494H         LINE#         56
  C:1499H         LINE#         57
  C:149CH         LINE#         58
  C:149CH         LINE#         60
  C:149CH         LINE#         61
  C:149FH         LINE#         62
  C:14A4H         LINE#         63
  C:14A7H         LINE#         64
  C:14B1H         LINE#         65
  C:14B1H         LINE#         66
  C:14B6H         LINE#         67
  C:14B6H         LINE#         68
  C:14B9H         LINE#         69
BL51 BANKED LINKER/LOCATER V6.22                                                      01/20/2021  11:03:33  PAGE 12


  C:14BBH         LINE#         70
  C:14C1H         LINE#         71
  C:14C1H         LINE#         72
  C:14C7H         LINE#         73
  C:14C7H         LINE#         74
  C:14C7H         LINE#         75
  C:14CDH         LINE#         76
  C:14D0H         LINE#         77
  C:14D8H         LINE#         78
  C:14E0H         LINE#         80
  C:14E0H         LINE#         81
  C:14E0H         LINE#         82
  C:14E9H         LINE#         83
  C:14E9H         LINE#         87
  C:14F1H         LINE#         88
  C:14F1H         LINE#         89
  C:14F4H         LINE#         91
  C:14FDH         LINE#         92
  C:14FDH         LINE#         93
  C:1500H         LINE#         95
  C:1502H         LINE#         97
  C:1502H         LINE#         98
  C:1508H         LINE#         99
  C:1508H         LINE#         100
  C:1512H         LINE#         101
  C:1512H         LINE#         102
  C:1517H         LINE#         103
  C:1517H         LINE#         104
  C:151AH         LINE#         105
  C:151CH         LINE#         106
  C:1522H         LINE#         107
  C:1522H         LINE#         108
  C:1528H         LINE#         109
  C:1528H         LINE#         110
  C:1528H         LINE#         112
  C:152EH         LINE#         113
  C:1531H         LINE#         114
  C:1539H         LINE#         116
  C:1539H         LINE#         117
  C:153BH         LINE#         118
  C:1543H         LINE#         119
  C:1543H         LINE#         120
  C:1546H         LINE#         121
  C:154FH         LINE#         122
  C:154FH         LINE#         123
  C:1552H         LINE#         124
  C:1554H         LINE#         126
  C:1554H         LINE#         127
  C:1559H         LINE#         128
  C:1559H         LINE#         129
  C:1562H         LINE#         130
  C:1562H         LINE#         131
  C:1567H         LINE#         132
  C:1567H         LINE#         133
  C:156AH         LINE#         134
  C:156CH         LINE#         135
  C:1572H         LINE#         136
BL51 BANKED LINKER/LOCATER V6.22                                                      01/20/2021  11:03:33  PAGE 13


  C:1572H         LINE#         137
  C:1578H         LINE#         138
  C:1578H         LINE#         139
  C:1578H         LINE#         141
  C:1580H         LINE#         142
  C:1583H         LINE#         143
  C:1586H         LINE#         144
  C:1586H         LINE#         145
  C:1586H         LINE#         146
  -------         ENDPROC       KEY_HANDLE
  -------         PROC          _CALIBRATION_TEMPERATURE
  X:0006H         SYMBOL        temper
  -------         DO            
  D:0007H         SYMBOL        temp1
  -------         ENDDO         
  C:1A49H         LINE#         149
  C:1A51H         LINE#         150
  C:1A51H         LINE#         151
  C:1A51H         LINE#         152
  C:1A61H         LINE#         153
  C:1A61H         LINE#         154
  C:1A67H         LINE#         155
  C:1A6CH         LINE#         156
  C:1A71H         LINE#         158
  C:1A7BH         LINE#         159
  C:1A7BH         LINE#         160
  C:1A80H         LINE#         161
  C:1A80H         LINE#         162
  C:1A86H         LINE#         163
  C:1A8AH         LINE#         164
  C:1A8CH         LINE#         166
  C:1A8CH         LINE#         167
  C:1A99H         LINE#         169
  C:1A9CH         LINE#         170
  C:1AA2H         LINE#         171
  C:1AA2H         LINE#         172
  C:1AB2H         LINE#         173
  C:1AB2H         LINE#         174
  C:1AB7H         LINE#         175
  C:1AB9H         LINE#         176
  C:1AB9H         LINE#         177
  C:1ABCH         LINE#         178
  C:1AC3H         LINE#         179
  C:1AC3H         LINE#         180
  C:1AC3H         LINE#         181
  C:1ACBH         LINE#         182
  C:1ACBH         LINE#         183
  C:1ADFH         LINE#         184
  C:1ADFH         LINE#         185
  C:1AE3H         LINE#         186
  C:1AE3H         LINE#         187
  C:1AFBH         LINE#         188
  C:1AFBH         LINE#         189
  C:1B03H         LINE#         191
  -------         ENDPROC       _CALIBRATION_TEMPERATURE
  -------         PROC          _TEMP_CALC
  X:0006H         SYMBOL        uR510
BL51 BANKED LINKER/LOCATER V6.22                                                      01/20/2021  11:03:33  PAGE 14


  X:0008H         SYMBOL        uRw
  -------         DO            
  X:000AH         SYMBOL        i
  X:000BH         SYMBOL        basi_tmp
  X:000CH         SYMBOL        k
  X:000DH         SYMBOL        u1
  -------         ENDDO         
  C:0CFAH         LINE#         195
  C:0D0CH         LINE#         196
  C:0D0CH         LINE#         197
  C:0D11H         LINE#         198
  C:0D15H         LINE#         199
  C:0D19H         LINE#         200
  C:0D21H         LINE#         202
  C:0D40H         LINE#         203
  C:0D40H         LINE#         204
  C:0D43H         LINE#         205
  C:0D43H         LINE#         208
  C:0DBBH         LINE#         209
  C:0DD3H         LINE#         210
  C:0DD3H         LINE#         211
  C:0DD8H         LINE#         212
  C:0DD8H         LINE#         213
  C:0DF5H         LINE#         214
  C:0E12H         LINE#         216
  C:0E2CH         LINE#         217
  C:0E2CH         LINE#         218
  C:0E31H         LINE#         219
  C:0E31H         LINE#         221
  C:0E50H         LINE#         223
  C:0E76H         LINE#         224
  C:0E76H         LINE#         225
  C:0E76H         LINE#         226
  C:0E76H         LINE#         227
  C:0E95H         LINE#         228
  C:0E9BH         LINE#         229
  C:0EB7H         LINE#         230
  C:0EB7H         LINE#         231
  C:0EB7H         LINE#         232
  C:0EB7H         LINE#         236
  C:0EC0H         LINE#         238
  C:0EC2H         LINE#         240
  C:0EC2H         LINE#         241
  C:0EC2H         LINE#         242
  C:0EC2H         LINE#         243
  C:0EE1H         LINE#         244
  C:0EE7H         LINE#         245
  C:0F01H         LINE#         246
  C:0F01H         LINE#         247
  C:0F01H         LINE#         248
  C:0F01H         LINE#         253
  C:0F10H         LINE#         254
  C:0F10H         LINE#         256
  C:0F17H         LINE#         257
  C:0F17H         LINE#         258
  C:0F1CH         LINE#         259
  C:0F1CH         LINE#         261
BL51 BANKED LINKER/LOCATER V6.22                                                      01/20/2021  11:03:33  PAGE 15


  C:0F1CH         LINE#         262
  C:0F23H         LINE#         263
  C:0F23H         LINE#         264
  -------         ENDPROC       _TEMP_CALC
  -------         PROC          TEMPERATURE_HANDLE
  -------         DO            
  X:0000H         SYMBOL        temp
  X:0002H         SYMBOL        adc_val1
  X:0004H         SYMBOL        adc_val3
  X:00BAH         SYMBOL        error_std
  -------         ENDDO         
  C:0F24H         LINE#         268
  C:0F24H         LINE#         269
  C:0F24H         LINE#         270
  C:0F2BH         LINE#         271
  C:0F33H         LINE#         273
  C:0F41H         LINE#         275
  C:0F53H         LINE#         276
  C:0F53H         LINE#         277
  C:0F57H         LINE#         278
  C:0F6DH         LINE#         281
  C:0F86H         LINE#         283
  C:0F91H         LINE#         284
  C:0FA2H         LINE#         286
  C:0FBDH         LINE#         287
  C:0FBDH         LINE#         288
  C:0FC3H         LINE#         289
  C:0FC3H         LINE#         290
  C:0FCAH         LINE#         291
  C:0FCAH         LINE#         292
  C:0FCCH         LINE#         293
  C:0FE0H         LINE#         294
  C:0FE0H         LINE#         295
  C:0FE1H         LINE#         296
  C:0FE7H         LINE#         297
  C:0FE9H         LINE#         299
  C:0FE9H         LINE#         300
  C:0FEAH         LINE#         301
  C:0FEFH         LINE#         302
  C:0FF3H         LINE#         303
  C:0FF3H         LINE#         304
  C:0FF3H         LINE#         306
  C:0FFBH         LINE#         307
  C:1003H         LINE#         308
  C:100EH         LINE#         309
  C:1010H         LINE#         311
  C:1010H         LINE#         312
  C:1017H         LINE#         313
  C:1017H         LINE#         314
  C:101CH         LINE#         315
  C:101FH         LINE#         316
  C:1027H         LINE#         317
  C:102DH         LINE#         318
  C:102FH         LINE#         320
  C:102FH         LINE#         321
  C:1034H         LINE#         322
  C:1039H         LINE#         323
BL51 BANKED LINKER/LOCATER V6.22                                                      01/20/2021  11:03:33  PAGE 16


  C:103EH         LINE#         324
  C:103EH         LINE#         325
  C:103EH         LINE#         326
  C:1043H         LINE#         327
  C:1044H         LINE#         328
  C:104AH         LINE#         329
  C:104AH         LINE#         330
  C:104EH         LINE#         331
  C:1052H         LINE#         332
  C:1055H         LINE#         333
  C:105AH         LINE#         334
  C:105FH         LINE#         335
  C:105FH         LINE#         336
  C:105FH         LINE#         337
  C:1061H         LINE#         338
  C:1068H         LINE#         339
  C:1068H         LINE#         340
  C:106DH         LINE#         341
  C:1071H         LINE#         342
  C:1074H         LINE#         343
  C:1079H         LINE#         344
  C:107FH         LINE#         345
  C:1083H         LINE#         346
  C:1089H         LINE#         348
  C:1089H         LINE#         349
  C:1089H         LINE#         352
  -------         ENDPROC       TEMPERATURE_HANDLE
  -------         PROC          MAIN
  C:1B04H         LINE#         357
  C:1B04H         LINE#         358
  C:1B04H         LINE#         359
  C:1B07H         LINE#         361
  C:1B0AH         LINE#         362
  C:1B0DH         LINE#         363
  C:1B0FH         LINE#         364
  C:1B12H         LINE#         365
  C:1B15H         LINE#         366
  C:1B18H         LINE#         367
  C:1B1FH         LINE#         368
  C:1B22H         LINE#         369
  C:1B25H         LINE#         370
  C:1B2CH         LINE#         371
  C:1B2FH         LINE#         372
  C:1B34H         LINE#         374
  C:1B39H         LINE#         375
  C:1B3EH         LINE#         376
  C:1B41H         LINE#         377
  C:1B46H         LINE#         378
  C:1B4FH         LINE#         379
  C:1B62H         LINE#         380
  C:1B79H         LINE#         381
  C:1B8FH         LINE#         382
  C:1BA5H         LINE#         383
  C:1BAEH         LINE#         385
  C:1BAEH         LINE#         386
  C:1BAEH         LINE#         388
  C:1BB1H         LINE#         389
BL51 BANKED LINKER/LOCATER V6.22                                                      01/20/2021  11:03:33  PAGE 17


  C:1BB4H         LINE#         390
  C:1BB7H         LINE#         391
  C:1BBAH         LINE#         393
  -------         ENDPROC       MAIN
  -------         PROC          _CONTROLL_HEAT
  X:0008H         SYMBOL        temp_set
  X:000AH         SYMBOL        temp_now
  C:23C9H         LINE#         397
  C:23D7H         LINE#         398
  C:23D7H         LINE#         400
  C:23DDH         LINE#         401
  C:23DDH         LINE#         404
  C:23DFH         LINE#         405
  C:23E1H         LINE#         406
  C:2401H         LINE#         407
  C:2401H         LINE#         409
  C:2406H         LINE#         410
  C:2406H         LINE#         411
  -------         ENDPROC       _CONTROLL_HEAT
  -------         PROC          _SET_TEMP
  X:0006H         SYMBOL        temp
  C:18BCH         LINE#         413
  C:18C4H         LINE#         414
  C:18C4H         LINE#         415
  C:18CBH         LINE#         416
  C:18CBH         LINE#         418
  C:18D5H         LINE#         419
  C:18D8H         LINE#         421
  C:18D8H         LINE#         423
  C:1909H         LINE#         424
  C:1909H         LINE#         425
  C:1909H         LINE#         426
  C:1913H         LINE#         427
  C:1915H         LINE#         428
  C:1915H         LINE#         429
  C:191FH         LINE#         430
  C:1921H         LINE#         431
  C:1921H         LINE#         432
  C:192BH         LINE#         433
  C:192DH         LINE#         434
  C:192DH         LINE#         435
  C:1937H         LINE#         436
  C:1939H         LINE#         437
  C:1939H         LINE#         438
  C:1943H         LINE#         439
  C:1945H         LINE#         440
  C:1945H         LINE#         441
  C:194FH         LINE#         442
  C:1951H         LINE#         443
  C:1951H         LINE#         444
  C:195BH         LINE#         445
  C:195DH         LINE#         446
  C:195DH         LINE#         447
  C:1967H         LINE#         448
  C:1969H         LINE#         449
  C:1969H         LINE#         450
  C:1973H         LINE#         451
BL51 BANKED LINKER/LOCATER V6.22                                                      01/20/2021  11:03:33  PAGE 18


  C:1975H         LINE#         452
  C:1975H         LINE#         453
  C:1984H         LINE#         454
  C:1984H         LINE#         456
  C:1984H         LINE#         457
  C:1984H         LINE#         458
  -------         ENDPROC       _SET_TEMP
  -------         PROC          PROTECT
  C:2633H         LINE#         463
  C:2633H         LINE#         464
  C:2633H         LINE#         465
  C:263AH         LINE#         466
  C:263AH         LINE#         467
  C:2643H         LINE#         468
  C:2643H         LINE#         469
  C:2646H         LINE#         470
  C:264AH         LINE#         471
  C:264DH         LINE#         472
  C:2652H         LINE#         473
  C:2652H         LINE#         474
  C:2652H         LINE#         475
  -------         ENDPROC       PROTECT
  -------         PROC          RES_TEST
  C:2802H         LINE#         478
  C:2802H         LINE#         479
  C:2802H         LINE#         481
  C:2805H         LINE#         482
  C:2805H         LINE#         485
  C:280BH         LINE#         489
  C:280BH         LINE#         491
  -------         ENDPROC       RES_TEST
  -------         ENDMOD        MAIN

  -------         MODULE        FLASH
  C:0000H         SYMBOL        _ICE_DUMMY_
  D:0080H         PUBLIC        P0
  D:0090H         PUBLIC        P1
  D:00A0H         PUBLIC        P2
  D:00B0H         PUBLIC        P3
  B:00A8H.7       PUBLIC        EA
  C:219AH         PUBLIC        _Flash_WriteArr
  C:0003H         PUBLIC        _flash_read_addr
  D:00A8H         PUBLIC        IE
  D:00FCH         PUBLIC        IAP_CMD
  D:00F8H         PUBLIC        RSTFR
  C:2815H         PUBLIC        get_device_state
  X:00A8H         PUBLIC        flash_info
  C:281BH         PUBLIC        _set_device_state
  C:11DBH         PUBLIC        flash_init
  C:25A6H         PUBLIC        flah_save_data
  C:25EFH         PUBLIC        _Flash_EraseBlock
  D:0098H         PUBLIC        SCON
  D:0088H         PUBLIC        TCON
  D:00B8H         PUBLIC        IE1
  D:00D8H         PUBLIC        IE2
  D:00FBH         PUBLIC        IAP_DATA
  D:00F9H         PUBLIC        IAP_ADDR
BL51 BANKED LINKER/LOCATER V6.22                                                      01/20/2021  11:03:33  PAGE 19


  C:2557H         PUBLIC        _FLASH_WriteData
  C:2443H         SYMBOL        check_flash
  X:00ADH         PUBLIC        flash_check
  C:230BH         PUBLIC        _Flash_ReadArr
  X:00B1H         PUBLIC        device_state
  D:00D0H         PUBLIC        PSW
  -------         PROC          GET_DEVICE_STATE
  C:2815H         LINE#         9
  C:2815H         LINE#         10
  C:2815H         LINE#         11
  C:281AH         LINE#         12
  -------         ENDPROC       GET_DEVICE_STATE
  -------         PROC          _SET_DEVICE_STATE
  D:0007H         SYMBOL        state
  C:281BH         LINE#         14
  C:281BH         LINE#         15
  C:281BH         LINE#         16
  C:2820H         LINE#         17
  -------         ENDPROC       _SET_DEVICE_STATE
  -------         PROC          _FLASH_ERASEBLOCK
  D:0006H         SYMBOL        addr
  C:25EFH         LINE#         27
  C:25F6H         LINE#         28
  C:25F6H         LINE#         29
  C:25FCH         LINE#         30
  C:2600H         LINE#         31
  C:2606H         LINE#         32
  C:260CH         LINE#         33
  -------         ENDPROC       _FLASH_ERASEBLOCK
  -------         PROC          _FLASH_WRITEDATA
  D:0007H         SYMBOL        fuc_SaveData
  D:0004H         SYMBOL        addr
  C:2557H         LINE#         43
  C:255EH         LINE#         44
  C:255EH         LINE#         45
  C:2560H         LINE#         46
  C:2566H         LINE#         47
  C:256EH         LINE#         48
  C:2574H         LINE#         49
  C:257AH         LINE#         50
  -------         ENDPROC       _FLASH_WRITEDATA
  -------         PROC          L?0030
  -------         ENDPROC       L?0030
  -------         PROC          _FLASH_WRITEARR
  X:0008H         SYMBOL        fui_Address
  X:000AH         SYMBOL        len
  X:000BH         SYMBOL        fucp_SaveArr
  -------         DO            
  X:000EH         SYMBOL        i
  -------         ENDDO         
  C:219AH         LINE#         62
  C:21B5H         LINE#         63
  C:21B5H         LINE#         64
  C:21B8H         LINE#         66
  C:21BAH         LINE#         67
  C:21C8H         LINE#         68
  C:21C8H         LINE#         69
BL51 BANKED LINKER/LOCATER V6.22                                                      01/20/2021  11:03:33  PAGE 20


  C:21ECH         LINE#         70
  C:21F4H         LINE#         71
  C:21F6H         LINE#         72
  -------         ENDPROC       _FLASH_WRITEARR
  -------         PROC          _FLASH_READ_ADDR
  D:0082H         SYMBOL        address
  -------         DO            
  D:0007H         SYMBOL        val
  -------         ENDDO         
  C:0003H         LINE#         74
  C:0007H         LINE#         75
  C:0007H         LINE#         76
  C:0008H         LINE#         77
  C:000AH         LINE#         78
  C:000AH         LINE#         79
  -------         ENDPROC       _FLASH_READ_ADDR
  -------         PROC          _FLASH_READARR
  X:0008H         SYMBOL        fui_Address
  D:0005H         SYMBOL        fuc_Length
  X:000AH         SYMBOL        fucp_SaveArr
  C:230BH         LINE#         91
  C:231CH         LINE#         92
  C:231CH         LINE#         93
  C:2322H         LINE#         94
  C:234AH         LINE#         95
  -------         ENDPROC       _FLASH_READARR
  -------         PROC          CHECK_FLASH
  -------         DO            
  D:0005H         SYMBOL        i
  D:0004H         SYMBOL        cnt
  -------         ENDDO         
  C:2443H         LINE#         97
  C:2443H         LINE#         98
  C:2443H         LINE#         99
  C:2446H         LINE#         101
  C:2446H         LINE#         102
  C:2446H         LINE#         103
  C:245FH         LINE#         104
  C:245FH         LINE#         105
  C:2460H         LINE#         106
  C:2462H         LINE#         107
  C:2465H         LINE#         108
  C:246AH         LINE#         109
  C:2470H         LINE#         110
  C:2473H         LINE#         111
  C:2475H         LINE#         112
  -------         ENDPROC       CHECK_FLASH
  -------         PROC          FLASH_INIT
  -------         DO            
  X:0000H         SYMBOL        init_flag
  -------         ENDDO         
  C:11DBH         LINE#         115
  C:11DBH         LINE#         116
  C:11DBH         LINE#         117
  C:11E0H         LINE#         120
  C:11E6H         LINE#         122
  C:11ECH         LINE#         123
BL51 BANKED LINKER/LOCATER V6.22                                                      01/20/2021  11:03:33  PAGE 21


  C:11ECH         LINE#         124
  C:11F1H         LINE#         125
  C:11F3H         LINE#         127
  C:11F3H         LINE#         128
  C:11FCH         LINE#         129
  C:120BH         LINE#         130
  C:122EH         LINE#         131
  C:1251H         LINE#         132
  C:125AH         LINE#         133
  C:1269H         LINE#         134
  C:126FH         LINE#         135
  C:126FH         LINE#         136
  C:127AH         LINE#         137
  C:127AH         LINE#         138
  C:1283H         LINE#         139
  C:1289H         LINE#         140
  C:128DH         LINE#         141
  C:1294H         LINE#         142
  C:129FH         LINE#         143
  C:12A2H         LINE#         144
  C:12B1H         LINE#         145
  C:12EEH         LINE#         146
  C:12F7H         LINE#         147
  C:12F7H         LINE#         148
  -------         ENDPROC       FLASH_INIT
  -------         PROC          FLAH_SAVE_DATA
  C:25A6H         LINE#         152
  C:25A6H         LINE#         153
  C:25A6H         LINE#         155
  C:25ADH         LINE#         156
  C:25BAH         LINE#         157
  C:25BDH         LINE#         158
  -------         ENDPROC       FLAH_SAVE_DATA
  -------         ENDMOD        FLASH

  -------         MODULE        DELAY
  C:0000H         SYMBOL        _ICE_DUMMY_
  D:0080H         PUBLIC        P0
  D:0090H         PUBLIC        P1
  D:00A0H         PUBLIC        P2
  D:00B0H         PUBLIC        P3
  D:00A8H         PUBLIC        IE
  D:00F8H         PUBLIC        RSTFR
  D:0098H         PUBLIC        SCON
  D:0088H         PUBLIC        TCON
  D:00B8H         PUBLIC        IE1
  D:00D8H         PUBLIC        IE2
  C:2731H         PUBLIC        _delay_ms
  C:2799H         PUBLIC        _delay_us
  C:2830H         PUBLIC        _lcd_delay_us
  D:00D0H         PUBLIC        PSW
  -------         PROC          _DELAY_US
  D:0006H         SYMBOL        us
  C:2799H         LINE#         4
  C:2799H         LINE#         5
  C:2799H         LINE#         6
  C:27A2H         LINE#         7
BL51 BANKED LINKER/LOCATER V6.22                                                      01/20/2021  11:03:33  PAGE 22


  C:27A2H         LINE#         8
  C:27A4H         LINE#         9
  C:27A6H         LINE#         10
  -------         ENDPROC       _DELAY_US
  -------         PROC          _DELAY_MS
  D:0006H         SYMBOL        ms
  -------         DO            
  D:0004H         SYMBOL        i
  -------         ENDDO         
  C:2731H         LINE#         12
  C:2731H         LINE#         13
  C:2731H         LINE#         15
  C:2731H         LINE#         16
  C:2735H         LINE#         17
  C:273EH         LINE#         18
  C:2747H         LINE#         19
  -------         ENDPROC       _DELAY_MS
  -------         PROC          _LCD_DELAY_US
  D:0006H         SYMBOL        time
  C:2830H         LINE#         21
  C:2830H         LINE#         22
  C:2830H         LINE#         23
  -------         ENDPROC       _LCD_DELAY_US
  -------         ENDMOD        DELAY

  -------         MODULE        HT1621B
  C:0000H         SYMBOL        _ICE_DUMMY_
  D:0080H         PUBLIC        P0
  D:0090H         PUBLIC        P1
  D:00A0H         PUBLIC        P2
  D:00B0H         PUBLIC        P3
  D:00A8H         PUBLIC        IE
  B:0090H.0       PUBLIC        P1_0
  B:0090H.1       PUBLIC        P1_1
  D:00F8H         PUBLIC        RSTFR
  B:0080H.6       PUBLIC        P0_6
  B:0080H.7       PUBLIC        P0_7
  C:238AH         PUBLIC        _ht1621_sendbit_low
  D:0098H         PUBLIC        SCON
  D:0088H         PUBLIC        TCON
  D:00B8H         PUBLIC        IE1
  D:00D8H         PUBLIC        IE2
  C:26C9H         PUBLIC        _ht1621_send_cmd
  C:2502H         PUBLIC        _ht1621_write_byte
  C:26AEH         PUBLIC        ht1621_init_pin
  C:234BH         PUBLIC        _ht1621_sendbit_hight
  C:280CH         PUBLIC        release_ht1621b_pin
  D:00D0H         PUBLIC        PSW
  -------         PROC          HT1621_INIT_PIN
  C:26AEH         LINE#         6
  C:26AEH         LINE#         7
  C:26AEH         LINE#         8
  C:26B4H         LINE#         9
  C:26B8H         LINE#         10
  C:26BCH         LINE#         11
  C:26C0H         LINE#         13
  C:26C2H         LINE#         14
BL51 BANKED LINKER/LOCATER V6.22                                                      01/20/2021  11:03:33  PAGE 23


  C:26C4H         LINE#         15
  C:26C6H         LINE#         16
  C:26C8H         LINE#         17
  -------         ENDPROC       HT1621_INIT_PIN
  -------         PROC          _HT1621_SENDBIT_HIGHT
  X:0044H         SYMBOL        dat
  X:0045H         SYMBOL        cnt
  -------         DO            
  X:0046H         SYMBOL        i
  -------         ENDDO         
  C:234BH         LINE#         20
  C:2353H         LINE#         21
  C:2353H         LINE#         22
  C:2356H         LINE#         24
  C:2362H         LINE#         25
  C:2362H         LINE#         26
  C:2364H         LINE#         27
  C:236BH         LINE#         28
  C:236FH         LINE#         30
  C:2371H         LINE#         31
  C:2373H         LINE#         32
  C:237AH         LINE#         33
  C:2381H         LINE#         34
  C:2389H         LINE#         35
  -------         ENDPROC       _HT1621_SENDBIT_HIGHT
  -------         PROC          _HT1621_SENDBIT_LOW
  X:0044H         SYMBOL        dat
  X:0045H         SYMBOL        cnt
  -------         DO            
  X:0046H         SYMBOL        i
  -------         ENDDO         
  C:238AH         LINE#         37
  C:2392H         LINE#         38
  C:2392H         LINE#         39
  C:2395H         LINE#         41
  C:23A1H         LINE#         42
  C:23A1H         LINE#         43
  C:23A3H         LINE#         44
  C:23AAH         LINE#         45
  C:23AEH         LINE#         47
  C:23B0H         LINE#         48
  C:23B2H         LINE#         49
  C:23B9H         LINE#         50
  C:23C0H         LINE#         51
  C:23C8H         LINE#         52
  -------         ENDPROC       _HT1621_SENDBIT_LOW
  -------         PROC          _HT1621_SEND_CMD
  X:0007H         SYMBOL        command
  C:26C9H         LINE#         55
  C:26CEH         LINE#         56
  C:26CEH         LINE#         57
  C:26D0H         LINE#         58
  C:26D7H         LINE#         59
  C:26E1H         LINE#         60
  C:26E3H         LINE#         61
  -------         ENDPROC       _HT1621_SEND_CMD
  -------         PROC          _HT1621_WRITE_BYTE
BL51 BANKED LINKER/LOCATER V6.22                                                      01/20/2021  11:03:33  PAGE 24


  X:0042H         SYMBOL        addr
  X:0043H         SYMBOL        dat
  C:2502H         LINE#         63
  C:250AH         LINE#         64
  C:250AH         LINE#         65
  C:250CH         LINE#         66
  C:2513H         LINE#         67
  C:2521H         LINE#         68
  C:252BH         LINE#         69
  C:252DH         LINE#         70
  -------         ENDPROC       _HT1621_WRITE_BYTE
  -------         PROC          RELEASE_HT1621B_PIN
  C:280CH         LINE#         72
  C:280CH         LINE#         73
  C:280CH         LINE#         74
  C:280EH         LINE#         75
  C:2810H         LINE#         76
  C:2812H         LINE#         77
  C:2814H         LINE#         78
  -------         ENDPROC       RELEASE_HT1621B_PIN
  -------         ENDMOD        HT1621B

  -------         MODULE        LCD_DISPLAY
  C:0000H         SYMBOL        _ICE_DUMMY_
  D:0080H         PUBLIC        P0
  D:0090H         PUBLIC        P1
  D:00A0H         PUBLIC        P2
  D:00B0H         PUBLIC        P3
  D:00A8H         PUBLIC        IE
  C:27A7H         PUBLIC        lcd_turn_off_time
  D:00F8H         PUBLIC        RSTFR
  C:2672H         PUBLIC        ht1621_all_display
  X:00C3H         PUBLIC        Blink_std
  C:1F12H         PUBLIC        _lcd_display_time
  X:00C4H         PUBLIC        cali_display_std
  C:108AH         PUBLIC        _lcd_display_gap
  C:2690H         PUBLIC        ht1621_all_clear
  D:0098H         PUBLIC        SCON
  D:0088H         PUBLIC        TCON
  C:257FH         PUBLIC        init_lcd_ht1621b
  C:2827H         PUBLIC        lcd_ht1621b_off
  D:00B8H         PUBLIC        IE1
  D:00D8H         PUBLIC        IE2
  C:001EH         PUBLIC        lcd_ht1621b_on
  D:00D0H         PUBLIC        PSW
  -------         PROC          LCD_HT1621B_ON
  C:001EH         LINE#         16
  C:001EH         LINE#         17
  C:001EH         LINE#         18
  -------         ENDPROC       LCD_HT1621B_ON
  -------         PROC          LCD_HT1621B_OFF
  C:2827H         LINE#         21
  C:2827H         LINE#         22
  C:2827H         LINE#         23
  -------         ENDPROC       LCD_HT1621B_OFF
  -------         PROC          HT1621_ALL_DISPLAY
  -------         DO            
BL51 BANKED LINKER/LOCATER V6.22                                                      01/20/2021  11:03:33  PAGE 25


  X:0000H         SYMBOL        i
  -------         ENDDO         
  C:2672H         LINE#         26
  C:2672H         LINE#         27
  C:2672H         LINE#         28
  C:2677H         LINE#         30
  C:2682H         LINE#         31
  C:2682H         LINE#         32
  C:2687H         LINE#         33
  C:268FH         LINE#         35
  -------         ENDPROC       HT1621_ALL_DISPLAY
  -------         PROC          HT1621_ALL_CLEAR
  -------         DO            
  X:0041H         SYMBOL        i
  -------         ENDDO         
  C:2690H         LINE#         37
  C:2690H         LINE#         38
  C:2690H         LINE#         39
  C:2695H         LINE#         41
  C:26A0H         LINE#         42
  C:26A0H         LINE#         43
  C:26A5H         LINE#         44
  C:26ADH         LINE#         46
  -------         ENDPROC       HT1621_ALL_CLEAR
  -------         PROC          INIT_LCD_HT1621B
  C:257FH         LINE#         48
  C:257FH         LINE#         49
  C:257FH         LINE#         50
  C:2582H         LINE#         52
  C:2587H         LINE#         53
  C:258CH         LINE#         54
  C:2591H         LINE#         55
  C:2596H         LINE#         56
  C:259BH         LINE#         57
  C:25A0H         LINE#         58
  C:25A3H         LINE#         59
  -------         ENDPROC       INIT_LCD_HT1621B
  -------         PROC          LCD_TURN_OFF_TIME
  C:27A7H         LINE#         62
  C:27A7H         LINE#         63
  C:27A7H         LINE#         64
  C:27AEH         LINE#         65
  -------         ENDPROC       LCD_TURN_OFF_TIME
  -------         PROC          _LCD_DISPLAY_TIME
  X:0006H         SYMBOL        time_type
  C:1F12H         LINE#         111
  C:1F17H         LINE#         112
  C:1F17H         LINE#         113
  C:1F1CH         LINE#         114
  C:1F23H         LINE#         115
  C:1F2AH         LINE#         116
  C:1F41H         LINE#         117
  C:1F41H         LINE#         118
  C:1F41H         LINE#         119
  C:1F48H         LINE#         120
  C:1F4AH         LINE#         121
  C:1F4AH         LINE#         122
BL51 BANKED LINKER/LOCATER V6.22                                                      01/20/2021  11:03:33  PAGE 26


  C:1F4CH         LINE#         123
  C:1F4CH         LINE#         124
  C:1F53H         LINE#         125
  C:1F55H         LINE#         126
  C:1F55H         LINE#         127
  C:1F57H         LINE#         128
  C:1F57H         LINE#         129
  C:1F5EH         LINE#         130
  C:1F60H         LINE#         131
  C:1F60H         LINE#         132
  C:1F62H         LINE#         133
  C:1F62H         LINE#         134
  C:1F69H         LINE#         135
  C:1F70H         LINE#         136
  C:1F72H         LINE#         137
  C:1F74H         LINE#         138
  C:1F74H         LINE#         139
  C:1F7BH         LINE#         140
  C:1F82H         LINE#         141
  C:1F84H         LINE#         142
  C:1F86H         LINE#         143
  C:1F86H         LINE#         144
  C:1F8DH         LINE#         145
  C:1F94H         LINE#         146
  C:1F9BH         LINE#         147
  C:1F9BH         LINE#         148
  C:1F9BH         LINE#         149
  -------         ENDPROC       _LCD_DISPLAY_TIME
  -------         PROC          _LCD_DISPLAY_GAP
  X:0006H         SYMBOL        gap
  C:108AH         LINE#         151
  C:108FH         LINE#         152
  C:108FH         LINE#         153
  C:1094H         LINE#         154
  C:109BH         LINE#         155
  C:10A2H         LINE#         156
  C:10AAH         LINE#         157
  C:10AAH         LINE#         158
  C:10B0H         LINE#         159
  C:10B0H         LINE#         160
  C:10B7H         LINE#         161
  C:10BEH         LINE#         162
  C:10BEH         LINE#         163
  C:10C1H         LINE#         165
  C:10C1H         LINE#         166
  C:10C6H         LINE#         167
  C:10C6H         LINE#         168
  C:10C6H         LINE#         169
  C:10C6H         LINE#         170
  C:10C9H         LINE#         171
  C:10D0H         LINE#         172
  C:10D0H         LINE#         173
  C:10D2H         LINE#         174
  C:10D4H         LINE#         175
  C:10DBH         LINE#         176
  C:10DBH         LINE#         177
  C:10E2H         LINE#         178
BL51 BANKED LINKER/LOCATER V6.22                                                      01/20/2021  11:03:33  PAGE 27


  C:10E4H         LINE#         179
  C:10E6H         LINE#         180
  C:10EDH         LINE#         181
  C:10EDH         LINE#         182
  C:10F4H         LINE#         183
  C:10F6H         LINE#         184
  C:10F8H         LINE#         185
  C:10FFH         LINE#         186
  C:10FFH         LINE#         187
  C:1106H         LINE#         188
  C:1108H         LINE#         189
  C:110AH         LINE#         190
  C:1111H         LINE#         191
  C:1111H         LINE#         192
  C:1118H         LINE#         193
  C:111AH         LINE#         194
  C:111CH         LINE#         195
  C:1123H         LINE#         196
  C:1123H         LINE#         197
  C:112AH         LINE#         198
  C:112CH         LINE#         199
  C:112EH         LINE#         200
  C:1135H         LINE#         201
  C:1135H         LINE#         202
  C:1139H         LINE#         203
  C:113CH         LINE#         204
  C:1143H         LINE#         205
  C:1143H         LINE#         206
  C:114AH         LINE#         207
  C:114EH         LINE#         208
  C:1151H         LINE#         209
  C:1158H         LINE#         210
  C:1158H         LINE#         211
  C:115FH         LINE#         212
  C:1163H         LINE#         213
  C:1165H         LINE#         214
  C:116CH         LINE#         215
  C:116CH         LINE#         216
  C:1172H         LINE#         217
  C:1172H         LINE#         218
  C:1179H         LINE#         219
  C:1180H         LINE#         220
  C:1186H         LINE#         221
  C:1189H         LINE#         222
  C:1189H         LINE#         224
  C:1189H         LINE#         225
  C:118EH         LINE#         226
  C:1191H         LINE#         227
  C:1198H         LINE#         228
  C:119CH         LINE#         229
  C:119CH         LINE#         230
  C:119EH         LINE#         231
  C:11A6H         LINE#         232
  C:11A6H         LINE#         233
  C:11ACH         LINE#         234
  C:11ACH         LINE#         235
  C:11B3H         LINE#         236
BL51 BANKED LINKER/LOCATER V6.22                                                      01/20/2021  11:03:33  PAGE 28


  C:11BAH         LINE#         237
  C:11BDH         LINE#         238
  C:11C3H         LINE#         239
  C:11C4H         LINE#         241
  C:11C4H         LINE#         242
  C:11C9H         LINE#         243
  C:11CCH         LINE#         244
  C:11D3H         LINE#         245
  C:11DAH         LINE#         246
  C:11DAH         LINE#         247
  C:11DAH         LINE#         249
  -------         ENDPROC       _LCD_DISPLAY_GAP
  -------         ENDMOD        LCD_DISPLAY

  -------         MODULE        UART
  C:0000H         SYMBOL        _ICE_DUMMY_
  D:0080H         PUBLIC        P0
  D:0090H         PUBLIC        P1
  D:00A0H         PUBLIC        P2
  D:00B0H         PUBLIC        P3
  C:22BEH         PUBLIC        UART1_Rpt
  D:00A8H         PUBLIC        IE
  C:2653H         PUBLIC        _producte_send_cmd
  D:00F8H         PUBLIC        RSTFR
  C:24D5H         SYMBOL        _producte_com_send_data
  B:0098H.1       PUBLIC        TI
  X:0071H         PUBLIC        usart_rx_cnt
  D:0099H         PUBLIC        SBUF
  C:27DEH         PUBLIC        _hal_uart_putchar
  D:0098H         PUBLIC        SCON
  D:0088H         PUBLIC        TCON
  X:0072H         PUBLIC        temper_val
  D:00B8H         PUBLIC        IE1
  D:00D8H         PUBLIC        IE2
  B:00A8H.4       PUBLIC        ES1
  D:00CEH         PUBLIC        TH4
  D:00CDH         PUBLIC        TL4
  C:252EH         PUBLIC        uart_init
  X:0073H         PUBLIC        usart_rx_buffer
  C:2833H         SYMBOL        _producte_com_send_one_bit
  D:009EH         PUBLIC        SCON2
  D:00CCH         PUBLIC        T4CON
  X:0091H         PUBLIC        usart_rx_flag
  D:00D0H         PUBLIC        PSW
  C:2821H         PUBLIC        _putchar
  -------         PROC          UART_INIT
  C:252EH         LINE#         28
  C:252EH         LINE#         29
  C:252EH         LINE#         31
  C:2534H         LINE#         32
  C:253AH         LINE#         33
  C:2540H         LINE#         34
  C:2545H         LINE#         48
  C:2548H         LINE#         49
  C:254BH         LINE#         50
  C:254EH         LINE#         51
  C:2551H         LINE#         52
BL51 BANKED LINKER/LOCATER V6.22                                                      01/20/2021  11:03:33  PAGE 29


  C:2554H         LINE#         53
  C:2556H         LINE#         55
  -------         ENDPROC       UART_INIT
  -------         PROC          _HAL_UART_PUTCHAR
  D:0007H         SYMBOL        Char
  C:27DEH         LINE#         59
  C:27DEH         LINE#         60
  C:27DEH         LINE#         61
  C:27E0H         LINE#         62
  C:27E2H         LINE#         63
  C:27E5H         LINE#         64
  C:27E7H         LINE#         65
  C:27E9H         LINE#         68
  -------         ENDPROC       _HAL_UART_PUTCHAR
  -------         PROC          _PRODUCTE_COM_SEND_ONE_BIT
  D:0007H         SYMBOL        Data
  C:2833H         LINE#         75
  C:2833H         LINE#         76
  C:2833H         LINE#         77
  -------         ENDPROC       _PRODUCTE_COM_SEND_ONE_BIT
  -------         PROC          _PRODUCTE_COM_SEND_DATA
  X:000DH         SYMBOL        Data
  D:0005H         SYMBOL        len
  -------         DO            
  D:0006H         SYMBOL        i
  -------         ENDDO         
  C:24D5H         LINE#         84
  C:24E0H         LINE#         85
  C:24E0H         LINE#         87
  C:24E7H         LINE#         88
  C:24E7H         LINE#         89
  C:24FEH         LINE#         90
  C:2501H         LINE#         91
  -------         ENDPROC       _PRODUCTE_COM_SEND_DATA
  -------         PROC          _PRODUCTE_SEND_CMD
  D:0007H         SYMBOL        funcode
  D:0005H         SYMBOL        Data
  -------         DO            
  X:0008H         SYMBOL        cmd_t
  -------         ENDDO         
  C:2653H         LINE#         98
  C:2653H         LINE#         99
  C:2653H         LINE#         101
  C:2659H         LINE#         102
  C:265CH         LINE#         103
  C:265FH         LINE#         104
  C:2663H         LINE#         105
  C:2667H         LINE#         106
  -------         ENDPROC       _PRODUCTE_SEND_CMD
  -------         PROC          _PUTCHAR
  D:0006H         SYMBOL        c
  C:2821H         LINE#         111
  C:2823H         LINE#         112
  C:2823H         LINE#         113
  C:2826H         LINE#         114
  C:2826H         LINE#         115
  -------         ENDPROC       _PUTCHAR
BL51 BANKED LINKER/LOCATER V6.22                                                      01/20/2021  11:03:33  PAGE 30


  -------         PROC          UART1_RPT
  -------         DO            
  D:0007H         SYMBOL        Data
  -------         ENDDO         
  C:22BEH         LINE#         118
  C:22CBH         LINE#         120
  C:22CBH         LINE#         121
  C:22D0H         LINE#         122
  C:22D0H         LINE#         123
  C:22D2H         LINE#         125
  C:22D5H         LINE#         127
  C:22DFH         LINE#         128
  C:22DFH         LINE#         129
  C:22DFH         LINE#         130
  C:22E3H         LINE#         131
  C:22E3H         LINE#         132
  C:22E7H         LINE#         133
  C:22EDH         LINE#         135
  C:22F3H         LINE#         139
  C:22F3H         LINE#         140
  C:22F5H         LINE#         141
  C:22F5H         LINE#         143
  C:22FAH         LINE#         145
  C:2300H         LINE#         147
  C:2300H         LINE#         149
  C:2300H         LINE#         152
  C:2300H         LINE#         153
  -------         ENDPROC       UART1_RPT
  -------         ENDMOD        UART

  -------         MODULE        KEY
  C:0000H         SYMBOL        _ICE_DUMMY_
  D:0080H         PUBLIC        P0
  D:0090H         PUBLIC        P1
  D:00A0H         PUBLIC        P2
  D:00B0H         PUBLIC        P3
  C:1C73H         SYMBOL        Calibration_key_driver
  D:00A8H         PUBLIC        IE
  D:00F8H         PUBLIC        RSTFR
  B:00A0H.5       PUBLIC        P2_5
  B:00B0H.5       PUBLIC        P3_5
  B:00A0H.6       PUBLIC        P2_6
  D:0098H         PUBLIC        SCON
  D:0088H         PUBLIC        TCON
  C:1BBCH         SYMBOL        key_driver
  X:00B9H         PUBLIC        calibration_std
  D:00B8H         PUBLIC        IE1
  D:00D8H         PUBLIC        IE2
  C:1F9CH         PUBLIC        key_scan
  C:25CCH         PUBLIC        key_init
  D:00D0H         PUBLIC        PSW
  -------         PROC          KEY_INIT
  C:25CCH         LINE#         8
  C:25CCH         LINE#         9
  C:25CCH         LINE#         10
  C:25D2H         LINE#         11
  C:25D6H         LINE#         12
BL51 BANKED LINKER/LOCATER V6.22                                                      01/20/2021  11:03:33  PAGE 31


  C:25DAH         LINE#         13
  C:25DEH         LINE#         14
  C:25E4H         LINE#         15
  C:25E8H         LINE#         16
  C:25EEH         LINE#         17
  -------         ENDPROC       KEY_INIT
  -------         PROC          KEY_DRIVER
  -------         DO            
  X:00B2H         SYMBOL        key_state
  X:00B3H         SYMBOL        key_time
  X:0001H         SYMBOL        key_press
  X:0002H         SYMBOL        key_return
  -------         ENDDO         
  C:1BBCH         LINE#         20
  C:1BBCH         LINE#         21
  C:1BBCH         LINE#         26
  C:1BC1H         LINE#         28
  C:1BC8H         LINE#         29
  C:1BDFH         LINE#         30
  C:1BDFH         LINE#         31
  C:1BDFH         LINE#         32
  C:1BE8H         LINE#         33
  C:1BE8H         LINE#         34
  C:1BEEH         LINE#         35
  C:1BF3H         LINE#         36
  C:1BF3H         LINE#         37
  C:1BF5H         LINE#         39
  C:1BF5H         LINE#         40
  C:1BFBH         LINE#         41
  C:1BFBH         LINE#         42
  C:1C09H         LINE#         43
  C:1C18H         LINE#         44
  C:1C18H         LINE#         45
  C:1C1EH         LINE#         46
  C:1C1EH         LINE#         47
  C:1C1EH         LINE#         48
  C:1C20H         LINE#         52
  C:1C20H         LINE#         53
  C:1C27H         LINE#         54
  C:1C27H         LINE#         55
  C:1C2BH         LINE#         56
  C:1C2BH         LINE#         57
  C:1C2DH         LINE#         59
  C:1C2DH         LINE#         60
  C:1C3BH         LINE#         62
  C:1C4AH         LINE#         63
  C:1C4AH         LINE#         64
  C:1C50H         LINE#         65
  C:1C56H         LINE#         66
  C:1C56H         LINE#         67
  C:1C5DH         LINE#         68
  C:1C5DH         LINE#         69
  C:1C5FH         LINE#         71
  C:1C5FH         LINE#         72
  C:1C66H         LINE#         73
  C:1C66H         LINE#         74
  C:1C66H         LINE#         75
BL51 BANKED LINKER/LOCATER V6.22                                                      01/20/2021  11:03:33  PAGE 32


  C:1C66H         LINE#         76
  C:1C68H         LINE#         78
  C:1C68H         LINE#         79
  C:1C6DH         LINE#         80
  C:1C6DH         LINE#         81
  C:1C6DH         LINE#         83
  C:1C72H         LINE#         85
  -------         ENDPROC       KEY_DRIVER
  -------         PROC          CALIBRATION_KEY_DRIVER
  -------         DO            
  X:00B5H         SYMBOL        key_state
  X:00B6H         SYMBOL        key_time
  X:0001H         SYMBOL        key_press
  X:0002H         SYMBOL        key_return
  -------         ENDDO         
  C:1C73H         LINE#         86
  C:1C73H         LINE#         87
  C:1C73H         LINE#         92
  C:1C78H         LINE#         94
  C:1C7FH         LINE#         95
  C:1C96H         LINE#         96
  C:1C96H         LINE#         97
  C:1C96H         LINE#         98
  C:1C9FH         LINE#         99
  C:1C9FH         LINE#         100
  C:1CA5H         LINE#         101
  C:1CAAH         LINE#         102
  C:1CAAH         LINE#         103
  C:1CACH         LINE#         105
  C:1CACH         LINE#         106
  C:1CB2H         LINE#         107
  C:1CB2H         LINE#         108
  C:1CC0H         LINE#         109
  C:1CCFH         LINE#         110
  C:1CCFH         LINE#         111
  C:1CD5H         LINE#         112
  C:1CD5H         LINE#         113
  C:1CD5H         LINE#         114
  C:1CD7H         LINE#         121
  C:1CD7H         LINE#         122
  C:1CDEH         LINE#         123
  C:1CDEH         LINE#         124
  C:1CE2H         LINE#         125
  C:1CE2H         LINE#         126
  C:1CE4H         LINE#         128
  C:1CE4H         LINE#         129
  C:1CF2H         LINE#         131
  C:1D01H         LINE#         132
  C:1D01H         LINE#         133
  C:1D07H         LINE#         134
  C:1D0DH         LINE#         135
  C:1D0DH         LINE#         136
  C:1D14H         LINE#         137
  C:1D14H         LINE#         138
  C:1D16H         LINE#         140
  C:1D16H         LINE#         141
  C:1D1DH         LINE#         142
BL51 BANKED LINKER/LOCATER V6.22                                                      01/20/2021  11:03:33  PAGE 33


  C:1D1DH         LINE#         143
  C:1D1DH         LINE#         144
  C:1D1DH         LINE#         145
  C:1D1FH         LINE#         147
  C:1D1FH         LINE#         148
  C:1D24H         LINE#         149
  C:1D24H         LINE#         150
  C:1D24H         LINE#         152
  C:1D29H         LINE#         154
  -------         ENDPROC       CALIBRATION_KEY_DRIVER
  -------         PROC          KEY_SCAN
  -------         DO            
  X:00B8H         SYMBOL        key_up
  -------         ENDDO         
  C:1F9CH         LINE#         156
  C:1F9CH         LINE#         157
  C:1F9CH         LINE#         160
  C:1FA2H         LINE#         161
[...]
  C:1389H         LINE#         252
  C:1389H         LINE#         254
  C:1389H         LINE#         255
  C:1398H         LINE#         256
  C:1398H         LINE#         258
  C:13A4H         LINE#         259
  C:13ACH         LINE#         260
  C:13ACH         LINE#         262
  C:13BAH         LINE#         265
  C:13C9H         LINE#         266
  C:13C9H         LINE#         267
  C:13CFH         LINE#         268
  C:13D2H         LINE#         269
  C:13D8H         LINE#         270
  C:13DEH         LINE#         271
  C:13DEH         LINE#         272
  C:13DEH         LINE#         273
  C:13E0H         LINE#         275
  C:13E0H         LINE#         276
  C:13E6H         LINE#         277
  C:13E6H         LINE#         278
  C:13EBH         LINE#         279
  C:13F2H         LINE#         280
  C:13F8H         LINE#         281
  C:13FCH         LINE#         282
  C:1400H         LINE#         283
  C:1403H         LINE#         284
  C:140CH         LINE#         285
  C:140CH         LINE#         286
  C:140CH         LINE#         288
  C:1411H         LINE#         289
  C:1411H         LINE#         290
  C:1413H         LINE#         292
  C:141AH         LINE#         293
BL51 BANKED LINKER/LOCATER V6.22                                                      01/20/2021  11:03:33  PAGE 39


  C:141AH         LINE#         294
  C:142FH         LINE#         295
  C:142FH         LINE#         296
  C:1434H         LINE#         297
  C:143AH         LINE#         298
  C:143AH         LINE#         299
  C:143AH         LINE#         300
  -------         ENDPROC       TIMER0_RPT
  -------         PROC          TIME_PRINT
  C:21FBH         LINE#         302
  C:21FBH         LINE#         303
  C:21FBH         LINE#         304
  C:2225H         LINE#         305
  C:2225H         LINE#         306
  C:2225H         LINE#         307
  C:222BH         LINE#         308
  C:222BH         LINE#         309
  C:222DH         LINE#         310
  C:222DH         LINE#         311
  C:2233H         LINE#         312
  C:2233H         LINE#         313
  C:2235H         LINE#         314
  C:2235H         LINE#         315
  C:223BH         LINE#         316
  C:223BH         LINE#         317
  C:223DH         LINE#         318
  C:223DH         LINE#         319
  C:2243H         LINE#         320
  C:2243H         LINE#         321
  C:2245H         LINE#         322
  C:2245H         LINE#         323
  C:225DH         LINE#         324
  C:2264H         LINE#         325
  C:2264H         LINE#         326
  C:2264H         LINE#         327
  -------         ENDPROC       TIME_PRINT
  -------         ENDMOD        TIMER

  -------         MODULE        PWM
  C:0000H         SYMBOL        _ICE_DUMMY_
  D:0080H         PUBLIC        P0
  D:0090H         PUBLIC        P1
  D:00A0H         PUBLIC        P2
  D:00B0H         PUBLIC        P3
  C:2719H         PUBLIC        _set_pwm
  D:00A8H         PUBLIC        IE
  D:00F8H         PUBLIC        RSTFR
  D:0098H         PUBLIC        SCON
  D:0088H         PUBLIC        TCON
  X:00C5H         PUBLIC        pwm_period
  D:00B8H         PUBLIC        IE1
  D:00D8H         PUBLIC        IE2
  D:00DDH         PUBLIC        PWM3C
  C:2611H         PUBLIC        _pwm_init
  D:00DFH         PUBLIC        PWM3D
  D:00DEH         PUBLIC        PWM3P
  D:00D0H         PUBLIC        PSW
BL51 BANKED LINKER/LOCATER V6.22                                                      01/20/2021  11:03:33  PAGE 40


  -------         PROC          _SET_PWM
  D:0007H         SYMBOL        duty
  -------         DO            
  D:0004H         SYMBOL        tep
  -------         ENDDO         
  C:2719H         LINE#         4
  C:2719H         LINE#         5
  C:2719H         LINE#         6
  C:272EH         LINE#         7
  C:2730H         LINE#         8
  -------         ENDPROC       _SET_PWM
  -------         PROC          _PWM_INIT
  D:0006H         SYMBOL        hz
  C:2611H         LINE#         10
  C:2611H         LINE#         11
  C:2611H         LINE#         12
  C:2617H         LINE#         13
  C:261CH         LINE#         21
  C:262DH         LINE#         22
  C:262FH         LINE#         24
  C:2632H         LINE#         25
  -------         ENDPROC       _PWM_INIT
  -------         ENDMOD        PWM

  -------         MODULE        ADC
  C:0000H         SYMBOL        _ICE_DUMMY_
  D:0080H         PUBLIC        P0
  D:0090H         PUBLIC        P1
  D:00A0H         PUBLIC        P2
  D:00B0H         PUBLIC        P3
  D:00A8H         PUBLIC        IE
  D:00F8H         PUBLIC        RSTFR
  C:1587H         PUBLIC        _get_voltage
  D:00B6H         PUBLIC        ADCR
  C:2774H         PUBLIC        get_adc_val_ch
  D:0098H         PUBLIC        SCON
  D:0088H         PUBLIC        TCON
  D:00B4H         PUBLIC        ADCC0
  D:00B5H         PUBLIC        ADCC1
  D:00B8H         PUBLIC        IE1
  C:26E4H         PUBLIC        adc_init
  D:00D8H         PUBLIC        IE2
  C:275EH         PUBLIC        get_adc_val
  D:00D0H         PUBLIC        PSW
  -------         PROC          ADC_INIT
  C:26E4H         LINE#         5
  C:26E4H         LINE#         6
  C:26E4H         LINE#         7
  C:26EAH         LINE#         8
  C:26EEH         LINE#         9
  C:26F1H         LINE#         17
  C:26F8H         LINE#         20
  C:26FEH         LINE#         21
  -------         ENDPROC       ADC_INIT
  -------         PROC          GET_ADC_VAL
  -------         DO            
  D:0006H         SYMBOL        adc_val
BL51 BANKED LINKER/LOCATER V6.22                                                      01/20/2021  11:03:33  PAGE 41


  -------         ENDDO         
  C:275EH         LINE#         23
  C:275EH         LINE#         24
  C:275EH         LINE#         25
  C:2761H         LINE#         26
  C:2764H         LINE#         28
  C:2767H         LINE#         29
  C:276CH         LINE#         30
  C:276FH         LINE#         31
  C:2773H         LINE#         35
  C:2773H         LINE#         36
  -------         ENDPROC       GET_ADC_VAL
  -------         PROC          GET_ADC_VAL_CH
  -------         DO            
  D:0006H         SYMBOL        adc_val_ch
  -------         ENDDO         
  C:2774H         LINE#         38
  C:2774H         LINE#         39
  C:2774H         LINE#         40
  C:2777H         LINE#         41
  C:277AH         LINE#         43
  C:277DH         LINE#         44
  C:2782H         LINE#         45
  C:2785H         LINE#         46
  C:2789H         LINE#         49
  C:2789H         LINE#         50
  -------         ENDPROC       GET_ADC_VAL_CH
  -------         PROC          _GET_VOLTAGE
  X:0008H         SYMBOL        u1_voltage
  X:000BH         SYMBOL        u3_voltage
  -------         DO            
  X:000EH         SYMBOL        temp
  X:0012H         SYMBOL        i
  -------         ENDDO         
  C:1587H         LINE#         54
  C:1592H         LINE#         55
  C:1592H         LINE#         56
  C:159CH         LINE#         57
  C:15A1H         LINE#         58
  C:15A2H         LINE#         59
  C:15A2H         LINE#         60
  C:15C8H         LINE#         61
  C:15D4H         LINE#         62
  C:15F1H         LINE#         63
  C:1623H         LINE#         64
  C:162DH         LINE#         65
  C:1632H         LINE#         66
  C:1632H         LINE#         67
  C:1658H         LINE#         68
  C:1664H         LINE#         69
  C:1681H         LINE#         70
  -------         ENDPROC       _GET_VOLTAGE
  -------         ENDMOD        ADC

  -------         MODULE        WDT
  C:0000H         SYMBOL        _ICE_DUMMY_
  D:0080H         PUBLIC        P0
BL51 BANKED LINKER/LOCATER V6.22                                                      01/20/2021  11:03:33  PAGE 42


  D:0090H         PUBLIC        P1
  D:00A0H         PUBLIC        P2
  D:00B0H         PUBLIC        P3
  D:00A8H         PUBLIC        IE
  D:00F8H         PUBLIC        RSTFR
  D:00BDH         PUBLIC        WDTC
  D:0098H         PUBLIC        SCON
  D:0088H         PUBLIC        TCON
  C:282CH         PUBLIC        clear_wdt
  D:00B8H         PUBLIC        IE1
  D:00D8H         PUBLIC        IE2
  C:27D1H         PUBLIC        _wdt_init
  D:00D0H         PUBLIC        PSW
  -------         PROC          _WDT_INIT
  D:0007H         SYMBOL        time
  C:27D1H         LINE#         4
  C:27D1H         LINE#         5
  C:27D1H         LINE#         6
  C:27D4H         LINE#         12
  C:27DDH         LINE#         14
  -------         ENDPROC       _WDT_INIT
  -------         PROC          CLEAR_WDT
  C:282CH         LINE#         16
  C:282CH         LINE#         17
  C:282CH         LINE#         18
  C:282FH         LINE#         19
  -------         ENDPROC       CLEAR_WDT
  -------         ENDMOD        WDT

  -------         MODULE        PRODUCT
  C:0000H         SYMBOL        _ICE_DUMMY_
  D:0080H         PUBLIC        P0
  C:17B9H         PUBLIC        Res_Calc
  D:0090H         PUBLIC        P1
  D:00A0H         PUBLIC        P2
  D:00B0H         PUBLIC        P3
  C:27C3H         SYMBOL        product_check_test
  D:00A8H         PUBLIC        IE
  B:00A0H.0       PUBLIC        P2_0
  D:00F8H         PUBLIC        RSTFR
  B:00A0H.2       PUBLIC        P2_2
  B:00A0H.5       PUBLIC        P2_5
  B:00A0H.7       PUBLIC        P2_7
  X:00C0H         PUBLIC        state
  D:0098H         PUBLIC        SCON
  D:0088H         PUBLIC        TCON
  D:00B8H         PUBLIC        IE1
  D:00D8H         PUBLIC        IE2
  X:00C1H         PUBLIC        test_time_timeout
  C:278AH         SYMBOL        product_GPIO_Init_Config
  C:26FFH         PUBLIC        product_check_process
  C:201FH         PUBLIC        product_test_handle
  D:00D0H         PUBLIC        PSW
  -------         PROC          PRODUCT_GPIO_INIT_CONFIG
  C:278AH         LINE#         9
  C:278AH         LINE#         10
  C:278AH         LINE#         11
BL51 BANKED LINKER/LOCATER V6.22                                                      01/20/2021  11:03:33  PAGE 43


  C:2790H         LINE#         12
  C:2796H         LINE#         13
  C:2798H         LINE#         14
  -------         ENDPROC       PRODUCT_GPIO_INIT_CONFIG
  -------         PROC          PRODUCT_CHECK_TEST
  -------         DO            
  D:0007H         SYMBOL        ret
  -------         ENDDO         
  C:27C3H         LINE#         16
  C:27C3H         LINE#         17
  C:27C3H         LINE#         18
  C:27C5H         LINE#         19
  C:27C8H         LINE#         20
  C:27CBH         LINE#         21
  C:27CBH         LINE#         22
  C:27CCH         LINE#         23
  C:27CEH         LINE#         25
  C:27CEH         LINE#         26
  C:27D0H         LINE#         27
  C:27D0H         LINE#         28
  C:27D0H         LINE#         29
  -------         ENDPROC       PRODUCT_CHECK_TEST
  -------         PROC          RES_CALC
  -------         DO            
  X:0000H         SYMBOL        adc_val1
  X:0002H         SYMBOL        adc_val3
  X:0004H         SYMBOL        u1
  -------         ENDDO         
  C:17B9H         LINE#         32
  C:17B9H         LINE#         33
  C:17B9H         LINE#         34
  C:17C4H         LINE#         35
  C:17CCH         LINE#         36
  C:17E3H         LINE#         37
  C:1863H         LINE#         38
  C:1880H         LINE#         39
  C:18B6H         LINE#         40
  C:18B6H         LINE#         41
  C:18B9H         LINE#         42
  C:18B9H         LINE#         43
  C:18BBH         LINE#         44
  -------         ENDPROC       RES_CALC
  -------         PROC          PRODUCT_TEST_HANDLE
  C:201FH         LINE#         48
  C:201FH         LINE#         49
  C:201FH         LINE#         51
  C:2031H         LINE#         52
  C:2031H         LINE#         53
  C:2031H         LINE#         55
  C:203AH         LINE#         56
  C:203AH         LINE#         57
  C:2040H         LINE#         58
  C:2045H         LINE#         59
  C:2045H         LINE#         60
  C:205AH         LINE#         61
  C:205AH         LINE#         62
  C:205AH         LINE#         63
BL51 BANKED LINKER/LOCATER V6.22                                                      01/20/2021  11:03:33  PAGE 44


  C:205AH         LINE#         64
  C:205AH         LINE#         65
  C:205AH         LINE#         67
  C:205CH         LINE#         68
  C:205CH         LINE#         69
  C:2062H         LINE#         70
  C:2062H         LINE#         71
  C:2068H         LINE#         72
  C:206DH         LINE#         73
  C:206DH         LINE#         74
  C:2082H         LINE#         75
  C:2082H         LINE#         76
  C:208BH         LINE#         77
  C:2091H         LINE#         78
  C:2096H         LINE#         79
  C:2096H         LINE#         80
  C:2097H         LINE#         81
  C:2097H         LINE#         82
  C:2099H         LINE#         83
  C:209BH         LINE#         85
  C:209CH         LINE#         87
  C:209CH         LINE#         89
  C:209EH         LINE#         90
  C:209EH         LINE#         92
  C:209EH         LINE#         93
  -------         ENDPROC       PRODUCT_TEST_HANDLE
  -------         PROC          PRODUCT_CHECK_PROCESS
  C:26FFH         LINE#         97
  C:26FFH         LINE#         98
  C:26FFH         LINE#         99
  C:2705H         LINE#         100
  C:2705H         LINE#         102
  C:270EH         LINE#         103
  C:2710H         LINE#         105
  C:2710H         LINE#         106
  C:2710H         LINE#         107
  C:2713H         LINE#         108
  C:2716H         LINE#         109
  C:2718H         LINE#         110
  C:2718H         LINE#         111
  -------         ENDPROC       PRODUCT_CHECK_PROCESS
  -------         ENDMOD        PRODUCT

  -------         MODULE        ?C?FPADD
  C:002DH         PUBLIC        ?C?FPADD
  C:0029H         PUBLIC        ?C?FPSUB
  -------         ENDMOD        ?C?FPADD

  -------         MODULE        ?C?FPMUL
  C:011EH         PUBLIC        ?C?FPMUL
  -------         ENDMOD        ?C?FPMUL

  -------         MODULE        ?C?FPDIV
  C:0227H         PUBLIC        ?C?FPDIV
  -------         ENDMOD        ?C?FPDIV

  -------         MODULE        ?C?FPCMP
BL51 BANKED LINKER/LOCATER V6.22                                                      01/20/2021  11:03:33  PAGE 45


  C:02C6H         PUBLIC        ?C?FPCMP
  C:02C4H         PUBLIC        ?C?FPCMP3
  -------         ENDMOD        ?C?FPCMP

  -------         MODULE        ?C?FCAST
  C:0347H         PUBLIC        ?C?FCASTC
  C:0342H         PUBLIC        ?C?FCASTI
  C:033DH         PUBLIC        ?C?FCASTL
  -------         ENDMOD        ?C?FCAST

  -------         MODULE        PRINTF
  X:0041H         PUBLIC        ?_PRINTF?BYTE
  X:0041H         PUBLIC        ?_SPRINTF?BYTE
  C:08E2H         PUBLIC        _PRINTF
  C:08DCH         PUBLIC        _SPRINTF
  -------         ENDMOD        PRINTF

  -------         MODULE        ?C?FPROUND
  C:03C5H         PUBLIC        ?C?FPROUND
  -------         ENDMOD        ?C?FPROUND

  -------         MODULE        ?C?FPCONVERT
  C:0402H         PUBLIC        ?C?FPCONVERT
  -------         ENDMOD        ?C?FPCONVERT

  -------         MODULE        ?C?FTNPWR
  C:0537H         PUBLIC        ?C?FTNPWR
  -------         ENDMOD        ?C?FTNPWR

  -------         MODULE        ?C?CLDPTR
  C:0577H         PUBLIC        ?C?CLDPTR
  -------         ENDMOD        ?C?CLDPTR

  -------         MODULE        ?C?CLDOPTR
  C:0590H         PUBLIC        ?C?CLDOPTR
  -------         ENDMOD        ?C?CLDOPTR

  -------         MODULE        ?C?CSTPTR
  C:05BDH         PUBLIC        ?C?CSTPTR
  -------         ENDMOD        ?C?CSTPTR

  -------         MODULE        ?C?UIDIV
  C:05CFH         PUBLIC        ?C?UIDIV
  -------         ENDMOD        ?C?UIDIV

  -------         MODULE        ?C?IILDX
  C:0624H         PUBLIC        ?C?IILDX
  -------         ENDMOD        ?C?IILDX

  -------         MODULE        ?C?ILDIX
  C:063AH         PUBLIC        ?C?ILDIX
  -------         ENDMOD        ?C?ILDIX

  -------         MODULE        ?C?ISTPTR
  C:0650H         PUBLIC        ?C?ISTPTR
  -------         ENDMOD        ?C?ISTPTR

BL51 BANKED LINKER/LOCATER V6.22                                                      01/20/2021  11:03:33  PAGE 46


  -------         MODULE        ?C?LMUL
  C:066FH         PUBLIC        ?C?LMUL
  -------         ENDMOD        ?C?LMUL

  -------         MODULE        ?C?ULDIV
  C:06FAH         PUBLIC        ?C?ULDIV
  -------         ENDMOD        ?C?ULDIV

  -------         MODULE        ?C?LNEG
  C:078CH         PUBLIC        ?C?LNEG
  -------         ENDMOD        ?C?LNEG

  -------         MODULE        ?C?LSTXDATA
  C:079AH         PUBLIC        ?C?LSTXDATA
  -------         ENDMOD        ?C?LSTXDATA

  -------         MODULE        ?C?LSTKXDATA
  C:07A6H         PUBLIC        ?C?LSTKXDATA
  -------         ENDMOD        ?C?LSTKXDATA

  -------         MODULE        ?C?PLDIXDATA
  C:07D7H         PUBLIC        ?C?PLDIXDATA
  -------         ENDMOD        ?C?PLDIXDATA

  -------         MODULE        ?C?PSTXDATA
  C:07EEH         PUBLIC        ?C?PSTXDATA
  -------         ENDMOD        ?C?PSTXDATA

  -------         MODULE        ?C?CCASE
  C:07F7H         PUBLIC        ?C?CCASE
  -------         ENDMOD        ?C?CCASE

  -------         MODULE        ?C?ICASE
  C:081DH         PUBLIC        ?C?ICASE
  -------         ENDMOD        ?C?ICASE

  -------         MODULE        ?C?LIMUL
  C:084AH         PUBLIC        ?C?LIMUL
  -------         ENDMOD        ?C?LIMUL

*** WARNING L16: UNCALLED SEGMENT, IGNORED FOR OVERLAY PROCESS
    SEGMENT: ?PR?PROTECT?MAIN

*** WARNING L16: UNCALLED SEGMENT, IGNORED FOR OVERLAY PROCESS
    SEGMENT: ?PR?RELEASE_HT1621B_PIN?HT1621B

*** WARNING L16: UNCALLED SEGMENT, IGNORED FOR OVERLAY PROCESS
    SEGMENT: ?PR?LCD_HT1621B_ON?LCD_DISPLAY

*** WARNING L16: UNCALLED SEGMENT, IGNORED FOR OVERLAY PROCESS
    SEGMENT: ?PR?LCD_HT1621B_OFF?LCD_DISPLAY

*** WARNING L16: UNCALLED SEGMENT, IGNORED FOR OVERLAY PROCESS
    SEGMENT: ?PR?LCD_TURN_OFF_TIME?LCD_DISPLAY

*** WARNING L16: UNCALLED SEGMENT, IGNORED FOR OVERLAY PROCESS
    SEGMENT: ?PR?_SET_TIME_SEC_VAL?TIMER
BL51 BANKED LINKER/LOCATER V6.22                                                      01/20/2021  11:03:33  PAGE 47



*** WARNING L16: UNCALLED SEGMENT, IGNORED FOR OVERLAY PROCESS
    SEGMENT: ?PR?TIME_PRINT?TIMER

*** WARNING L15: MULTIPLE CALL TO SEGMENT
    SEGMENT: ?PR?PRINTF?PRINTF
    CALLER1: ?C_C51STARTUP
    CALLER2: ?PR?TIMER0_RPT?TIMER

*** WARNING L15: MULTIPLE CALL TO SEGMENT
    SEGMENT: ?PR?HT1621_ALL_CLEAR?LCD_DISPLAY
    CALLER1: ?C_C51STARTUP
    CALLER2: ?PR?TIMER0_RPT?TIMER

*** WARNING L15: MULTIPLE CALL TO SEGMENT
    SEGMENT: ?PR?_HT1621_WRITE_BYTE?HT1621B
    CALLER1: ?C_C51STARTUP
    CALLER2: ?PR?TIMER0_RPT?TIMER

*** WARNING L15: MULTIPLE CALL TO SEGMENT
    SEGMENT: ?PR?_HT1621_SENDBIT_HIGHT?HT1621B
    CALLER1: ?C_C51STARTUP
    CALLER2: ?PR?TIMER0_RPT?TIMER

*** WARNING L15: MULTIPLE CALL TO SEGMENT
    SEGMENT: ?PR?_HT1621_SENDBIT_LOW?HT1621B
    CALLER1: ?C_C51STARTUP
    CALLER2: ?PR?TIMER0_RPT?TIMER

Program Size: data=21.2 xdata=259 code=10294
LINK/LOCATE RUN COMPLETE.  12 WARNING(S),  0 ERROR(S)
